Component: ARM Compiler 5.05 update 2 (build 169) Tool: armlink [4d0f33]

==============================================================================

Section Cross References

    stm32f10x_adc.o(i.ADC_DeInit) refers to stm32f10x_rcc.o(i.RCC_APB2PeriphResetCmd) for RCC_APB2PeriphResetCmd
    stm32f10x_flash.o(i.FLASH_EnableWriteProtection) refers to stm32f10x_flash.o(i.FLASH_WaitForLastOperation) for FLASH_WaitForLastOperation
    stm32f10x_flash.o(i.FLASH_EraseAllBank1Pages) refers to stm32f10x_flash.o(i.FLASH_WaitForLastBank1Operation) for FLASH_WaitForLastBank1Operation
    stm32f10x_flash.o(i.FLASH_EraseAllPages) refers to stm32f10x_flash.o(i.FLASH_WaitForLastOperation) for FLASH_WaitForLastOperation
    stm32f10x_flash.o(i.FLASH_EraseOptionBytes) refers to stm32f10x_flash.o(i.FLASH_GetReadOutProtectionStatus) for FLASH_GetReadOutProtectionStatus
    stm32f10x_flash.o(i.FLASH_EraseOptionBytes) refers to stm32f10x_flash.o(i.FLASH_WaitForLastOperation) for FLASH_WaitForLastOperation
    stm32f10x_flash.o(i.FLASH_ErasePage) refers to stm32f10x_flash.o(i.FLASH_WaitForLastOperation) for FLASH_WaitForLastOperation
    stm32f10x_flash.o(i.FLASH_ProgramHalfWord) refers to stm32f10x_flash.o(i.FLASH_WaitForLastOperation) for FLASH_WaitForLastOperation
    stm32f10x_flash.o(i.FLASH_ProgramOptionByteData) refers to stm32f10x_flash.o(i.FLASH_WaitForLastOperation) for FLASH_WaitForLastOperation
    stm32f10x_flash.o(i.FLASH_ProgramWord) refers to stm32f10x_flash.o(i.FLASH_WaitForLastOperation) for FLASH_WaitForLastOperation
    stm32f10x_flash.o(i.FLASH_ReadOutProtection) refers to stm32f10x_flash.o(i.FLASH_WaitForLastOperation) for FLASH_WaitForLastOperation
    stm32f10x_flash.o(i.FLASH_UserOptionByteConfig) refers to stm32f10x_flash.o(i.FLASH_WaitForLastOperation) for FLASH_WaitForLastOperation
    stm32f10x_flash.o(i.FLASH_WaitForLastBank1Operation) refers to stm32f10x_flash.o(i.FLASH_GetBank1Status) for FLASH_GetBank1Status
    stm32f10x_flash.o(i.FLASH_WaitForLastOperation) refers to stm32f10x_flash.o(i.FLASH_GetBank1Status) for FLASH_GetBank1Status
    stm32f10x_gpio.o(i.GPIO_AFIODeInit) refers to stm32f10x_rcc.o(i.RCC_APB2PeriphResetCmd) for RCC_APB2PeriphResetCmd
    stm32f10x_gpio.o(i.GPIO_DeInit) refers to stm32f10x_rcc.o(i.RCC_APB2PeriphResetCmd) for RCC_APB2PeriphResetCmd
    stm32f10x_pwr.o(i.PWR_DeInit) refers to stm32f10x_rcc.o(i.RCC_APB1PeriphResetCmd) for RCC_APB1PeriphResetCmd
    stm32f10x_rcc.o(i.RCC_GetClocksFreq) refers to stm32f10x_rcc.o(.data) for APBAHBPrescTable
    stm32f10x_rcc.o(i.RCC_WaitForHSEStartUp) refers to stm32f10x_rcc.o(i.RCC_GetFlagStatus) for RCC_GetFlagStatus
    stm32f10x_tim.o(i.TIM_DeInit) refers to stm32f10x_rcc.o(i.RCC_APB2PeriphResetCmd) for RCC_APB2PeriphResetCmd
    stm32f10x_tim.o(i.TIM_DeInit) refers to stm32f10x_rcc.o(i.RCC_APB1PeriphResetCmd) for RCC_APB1PeriphResetCmd
    stm32f10x_tim.o(i.TIM_ETRClockMode1Config) refers to stm32f10x_tim.o(i.TIM_ETRConfig) for TIM_ETRConfig
    stm32f10x_tim.o(i.TIM_ETRClockMode2Config) refers to stm32f10x_tim.o(i.TIM_ETRConfig) for TIM_ETRConfig
    stm32f10x_tim.o(i.TIM_ICInit) refers to stm32f10x_tim.o(i.TI1_Config) for TI1_Config
    stm32f10x_tim.o(i.TIM_ICInit) refers to stm32f10x_tim.o(i.TIM_SetIC1Prescaler) for TIM_SetIC1Prescaler
    stm32f10x_tim.o(i.TIM_ICInit) refers to stm32f10x_tim.o(i.TI2_Config) for TI2_Config
    stm32f10x_tim.o(i.TIM_ICInit) refers to stm32f10x_tim.o(i.TIM_SetIC2Prescaler) for TIM_SetIC2Prescaler
    stm32f10x_tim.o(i.TIM_ICInit) refers to stm32f10x_tim.o(i.TI3_Config) for TI3_Config
    stm32f10x_tim.o(i.TIM_ICInit) refers to stm32f10x_tim.o(i.TIM_SetIC3Prescaler) for TIM_SetIC3Prescaler
    stm32f10x_tim.o(i.TIM_ICInit) refers to stm32f10x_tim.o(i.TI4_Config) for TI4_Config
    stm32f10x_tim.o(i.TIM_ICInit) refers to stm32f10x_tim.o(i.TIM_SetIC4Prescaler) for TIM_SetIC4Prescaler
    stm32f10x_tim.o(i.TIM_ITRxExternalClockConfig) refers to stm32f10x_tim.o(i.TIM_SelectInputTrigger) for TIM_SelectInputTrigger
    stm32f10x_tim.o(i.TIM_PWMIConfig) refers to stm32f10x_tim.o(i.TI1_Config) for TI1_Config
    stm32f10x_tim.o(i.TIM_PWMIConfig) refers to stm32f10x_tim.o(i.TIM_SetIC1Prescaler) for TIM_SetIC1Prescaler
    stm32f10x_tim.o(i.TIM_PWMIConfig) refers to stm32f10x_tim.o(i.TI2_Config) for TI2_Config
    stm32f10x_tim.o(i.TIM_PWMIConfig) refers to stm32f10x_tim.o(i.TIM_SetIC2Prescaler) for TIM_SetIC2Prescaler
    stm32f10x_tim.o(i.TIM_TIxExternalClockConfig) refers to stm32f10x_tim.o(i.TI2_Config) for TI2_Config
    stm32f10x_tim.o(i.TIM_TIxExternalClockConfig) refers to stm32f10x_tim.o(i.TI1_Config) for TI1_Config
    stm32f10x_tim.o(i.TIM_TIxExternalClockConfig) refers to stm32f10x_tim.o(i.TIM_SelectInputTrigger) for TIM_SelectInputTrigger
    stm32f10x_usart.o(i.USART_DeInit) refers to stm32f10x_rcc.o(i.RCC_APB2PeriphResetCmd) for RCC_APB2PeriphResetCmd
[...]
    __scatterload_null                       0x08000103   Thumb Code     0  __scatter.o(!!!scatter)
    __scatterload_copy                       0x08000129   Thumb Code    26  __scatter_copy.o(!!handler_copy)
    __scatterload_zeroinit                   0x08000145   Thumb Code    28  __scatter_zi.o(!!handler_zi)
    _printf_n                                0x08000161   Thumb Code     0  _printf_n.o(.ARM.Collect$$_printf_percent$$00000001)
    _printf_percent                          0x08000161   Thumb Code     0  _printf_percent.o(.ARM.Collect$$_printf_percent$$00000000)
    _printf_p                                0x08000167   Thumb Code     0  _printf_p.o(.ARM.Collect$$_printf_percent$$00000002)
    _printf_f                                0x0800016d   Thumb Code     0  _printf_f.o(.ARM.Collect$$_printf_percent$$00000003)
    _printf_e                                0x08000173   Thumb Code     0  _printf_e.o(.ARM.Collect$$_printf_percent$$00000004)
    _printf_g                                0x08000179   Thumb Code     0  _printf_g.o(.ARM.Collect$$_printf_percent$$00000005)
    _printf_a                                0x0800017f   Thumb Code     0  _printf_a.o(.ARM.Collect$$_printf_percent$$00000006)
    _printf_d                                0x08000185   Thumb Code     0  _printf_d.o(.ARM.Collect$$_printf_percent$$00000009)
    _printf_s                                0x0800018b   Thumb Code     0  _printf_s.o(.ARM.Collect$$_printf_percent$$00000014)
    _printf_percent_end                      0x08000191   Thumb Code     0  _printf_percent_end.o(.ARM.Collect$$_printf_percent$$00000017)
    __rt_lib_init                            0x08000195   Thumb Code     0  libinit.o(.ARM.Collect$$libinit$$00000000)
    __rt_lib_init_fp_1                       0x08000197   Thumb Code     0  libinit2.o(.ARM.Collect$$libinit$$00000002)
    __rt_lib_init_heap_2                     0x08000197   Thumb Code     0  libinit2.o(.ARM.Collect$$libinit$$00000005)
    __rt_lib_init_preinit_1                  0x08000197   Thumb Code     0  libinit2.o(.ARM.Collect$$libinit$$00000004)
    __rt_lib_init_heap_1                     0x0800019f   Thumb Code     0  libinit2.o(.ARM.Collect$$libinit$$0000000A)
    __rt_lib_init_lc_common                  0x0800019f   Thumb Code     0  libinit2.o(.ARM.Collect$$libinit$$0000000F)
    __rt_lib_init_rand_1                     0x0800019f   Thumb Code     0  libinit2.o(.ARM.Collect$$libinit$$0000000E)
    __rt_lib_init_user_alloc_1               0x0800019f   Thumb Code     0  libinit2.o(.ARM.Collect$$libinit$$0000000C)
    __rt_lib_init_lc_collate_1               0x080001a5   Thumb Code     0  libinit2.o(.ARM.Collect$$libinit$$00000011)
    __rt_lib_init_lc_ctype_2                 0x080001a5   Thumb Code     0  libinit2.o(.ARM.Collect$$libinit$$00000012)
    __rt_lib_init_lc_ctype_1                 0x080001b1   Thumb Code     0  libinit2.o(.ARM.Collect$$libinit$$00000013)
    __rt_lib_init_lc_monetary_1              0x080001b1   Thumb Code     0  libinit2.o(.ARM.Collect$$libinit$$00000015)
    __rt_lib_init_lc_numeric_2               0x080001b1   Thumb Code     0  libinit2.o(.ARM.Collect$$libinit$$00000016)
    __rt_lib_init_alloca_1                   0x080001bb   Thumb Code     0  libinit2.o(.ARM.Collect$$libinit$$0000002E)
    __rt_lib_init_argv_1                     0x080001bb   Thumb Code     0  libinit2.o(.ARM.Collect$$libinit$$0000002C)
    __rt_lib_init_atexit_1                   0x080001bb   Thumb Code     0  libinit2.o(.ARM.Collect$$libinit$$0000001B)
    __rt_lib_init_clock_1                    0x080001bb   Thumb Code     0  libinit2.o(.ARM.Collect$$libinit$$00000021)
    __rt_lib_init_cpp_2                      0x080001bb   Thumb Code     0  libinit2.o(.ARM.Collect$$libinit$$00000031)
    __rt_lib_init_exceptions_1               0x080001bb   Thumb Code     0  libinit2.o(.ARM.Collect$$libinit$$00000030)
    __rt_lib_init_fp_trap_1                  0x080001bb   Thumb Code     0  libinit2.o(.ARM.Collect$$libinit$$0000001F)
    __rt_lib_init_getenv_1                   0x080001bb   Thumb Code     0  libinit2.o(.ARM.Collect$$libinit$$00000023)
    __rt_lib_init_lc_numeric_1               0x080001bb   Thumb Code     0  libinit2.o(.ARM.Collect$$libinit$$00000017)
    __rt_lib_init_lc_time_1                  0x080001bb   Thumb Code     0  libinit2.o(.ARM.Collect$$libinit$$00000019)
    __rt_lib_init_signal_1                   0x080001bb   Thumb Code     0  libinit2.o(.ARM.Collect$$libinit$$0000001D)
    __rt_lib_init_stdio_1                    0x080001bb   Thumb Code     0  libinit2.o(.ARM.Collect$$libinit$$00000025)
    __rt_lib_init_cpp_1                      0x080001bf   Thumb Code     0  libinit2.o(.ARM.Collect$$libinit$$00000032)
    __rt_lib_init_return                     0x080001bf   Thumb Code     0  libinit2.o(.ARM.Collect$$libinit$$00000033)
    __rt_lib_shutdown                        0x080001c1   Thumb Code     0  libshutdown.o(.ARM.Collect$$libshutdown$$00000000)
    __rt_lib_shutdown_fp_trap_1              0x080001c3   Thumb Code     0  libshutdown2.o(.ARM.Collect$$libshutdown$$00000006)
    __rt_lib_shutdown_heap_1                 0x080001c3   Thumb Code     0  libshutdown2.o(.ARM.Collect$$libshutdown$$0000000E)
    __rt_lib_shutdown_return                 0x080001c3   Thumb Code     0  libshutdown2.o(.ARM.Collect$$libshutdown$$0000000F)
    __rt_lib_shutdown_signal_1               0x080001c3   Thumb Code     0  libshutdown2.o(.ARM.Collect$$libshutdown$$00000009)
    __rt_lib_shutdown_stdio_1                0x080001c3   Thumb Code     0  libshutdown2.o(.ARM.Collect$$libshutdown$$00000003)
    __rt_lib_shutdown_user_alloc_1           0x080001c3   Thumb Code     0  libshutdown2.o(.ARM.Collect$$libshutdown$$0000000B)
    __rt_entry                               0x080001c5   Thumb Code     0  __rtentry.o(.ARM.Collect$$rtentry$$00000000)
    __rt_entry_presh_1                       0x080001c5   Thumb Code     0  __rtentry2.o(.ARM.Collect$$rtentry$$00000002)
    __rt_entry_sh                            0x080001c5   Thumb Code     0  __rtentry4.o(.ARM.Collect$$rtentry$$00000004)
    __rt_entry_li                            0x080001cb   Thumb Code     0  __rtentry2.o(.ARM.Collect$$rtentry$$0000000A)
    __rt_entry_postsh_1                      0x080001cb   Thumb Code     0  __rtentry2.o(.ARM.Collect$$rtentry$$00000009)
    __rt_entry_main                          0x080001cf   Thumb Code     0  __rtentry2.o(.ARM.Collect$$rtentry$$0000000D)
    __rt_entry_postli_1                      0x080001cf   Thumb Code     0  __rtentry2.o(.ARM.Collect$$rtentry$$0000000C)
    __rt_exit                                0x080001d7   Thumb Code     0  rtexit.o(.ARM.Collect$$rtexit$$00000000)
    __rt_exit_ls                             0x080001d9   Thumb Code     0  rtexit2.o(.ARM.Collect$$rtexit$$00000003)
    __rt_exit_prels_1                        0x080001d9   Thumb Code     0  rtexit2.o(.ARM.Collect$$rtexit$$00000002)
    __rt_exit_exit                           0x080001dd   Thumb Code     0  rtexit2.o(.ARM.Collect$$rtexit$$00000004)
    nop()                                    0x080001e5   Thumb Code    12  main.o(.emb_text)
    __asm___5_rcc_c_f9faefc5__rcc_asm        0x080001f1   Thumb Code    12  rcc.o(.emb_text)
    Reset_Handler                            0x08000201   Thumb Code     8  startup_stm32f10x_md.o(.text)
    _maybe_terminate_alloc                   0x08000201   Thumb Code     0  maybetermalloc1.o(.emb_text)
    NMI_Handler                              0x08000209   Thumb Code     2  startup_stm32f10x_md.o(.text)
    HardFault_Handler                        0x0800020b   Thumb Code     2  startup_stm32f10x_md.o(.text)
    MemManage_Handler                        0x0800020d   Thumb Code     2  startup_stm32f10x_md.o(.text)
    BusFault_Handler                         0x0800020f   Thumb Code     2  startup_stm32f10x_md.o(.text)
    UsageFault_Handler                       0x08000211   Thumb Code     2  startup_stm32f10x_md.o(.text)
    SVC_Handler                              0x08000213   Thumb Code     2  startup_stm32f10x_md.o(.text)
    DebugMon_Handler                         0x08000215   Thumb Code     2  startup_stm32f10x_md.o(.text)
    PendSV_Handler                           0x08000217   Thumb Code     2  startup_stm32f10x_md.o(.text)
    ADC1_2_IRQHandler                        0x0800021b   Thumb Code     0  startup_stm32f10x_md.o(.text)
    CAN1_RX1_IRQHandler                      0x0800021b   Thumb Code     0  startup_stm32f10x_md.o(.text)
    CAN1_SCE_IRQHandler                      0x0800021b   Thumb Code     0  startup_stm32f10x_md.o(.text)
    DMA1_Channel1_IRQHandler                 0x0800021b   Thumb Code     0  startup_stm32f10x_md.o(.text)
    DMA1_Channel3_IRQHandler                 0x0800021b   Thumb Code     0  startup_stm32f10x_md.o(.text)
    DMA1_Channel5_IRQHandler                 0x0800021b   Thumb Code     0  startup_stm32f10x_md.o(.text)
    DMA1_Channel6_IRQHandler                 0x0800021b   Thumb Code     0  startup_stm32f10x_md.o(.text)
    EXTI0_IRQHandler                         0x0800021b   Thumb Code     0  startup_stm32f10x_md.o(.text)
    EXTI15_10_IRQHandler                     0x0800021b   Thumb Code     0  startup_stm32f10x_md.o(.text)
    EXTI1_IRQHandler                         0x0800021b   Thumb Code     0  startup_stm32f10x_md.o(.text)
    EXTI2_IRQHandler                         0x0800021b   Thumb Code     0  startup_stm32f10x_md.o(.text)
    EXTI3_IRQHandler                         0x0800021b   Thumb Code     0  startup_stm32f10x_md.o(.text)
    EXTI4_IRQHandler                         0x0800021b   Thumb Code     0  startup_stm32f10x_md.o(.text)
    EXTI9_5_IRQHandler                       0x0800021b   Thumb Code     0  startup_stm32f10x_md.o(.text)
    FLASH_IRQHandler                         0x0800021b   Thumb Code     0  startup_stm32f10x_md.o(.text)
    I2C1_ER_IRQHandler                       0x0800021b   Thumb Code     0  startup_stm32f10x_md.o(.text)
    I2C1_EV_IRQHandler                       0x0800021b   Thumb Code     0  startup_stm32f10x_md.o(.text)
    I2C2_ER_IRQHandler                       0x0800021b   Thumb Code     0  startup_stm32f10x_md.o(.text)
    I2C2_EV_IRQHandler                       0x0800021b   Thumb Code     0  startup_stm32f10x_md.o(.text)
    PVD_IRQHandler                           0x0800021b   Thumb Code     0  startup_stm32f10x_md.o(.text)
    RCC_IRQHandler                           0x0800021b   Thumb Code     0  startup_stm32f10x_md.o(.text)
    RTCAlarm_IRQHandler                      0x0800021b   Thumb Code     0  startup_stm32f10x_md.o(.text)
    RTC_IRQHandler                           0x0800021b   Thumb Code     0  startup_stm32f10x_md.o(.text)
    SPI1_IRQHandler                          0x0800021b   Thumb Code     0  startup_stm32f10x_md.o(.text)
    SPI2_IRQHandler                          0x0800021b   Thumb Code     0  startup_stm32f10x_md.o(.text)
    TAMPER_IRQHandler                        0x0800021b   Thumb Code     0  startup_stm32f10x_md.o(.text)
    TIM1_BRK_IRQHandler                      0x0800021b   Thumb Code     0  startup_stm32f10x_md.o(.text)
    TIM1_CC_IRQHandler                       0x0800021b   Thumb Code     0  startup_stm32f10x_md.o(.text)
    TIM1_TRG_COM_IRQHandler                  0x0800021b   Thumb Code     0  startup_stm32f10x_md.o(.text)
    TIM1_UP_IRQHandler                       0x0800021b   Thumb Code     0  startup_stm32f10x_md.o(.text)
    TIM2_IRQHandler                          0x0800021b   Thumb Code     0  startup_stm32f10x_md.o(.text)
    TIM3_IRQHandler                          0x0800021b   Thumb Code     0  startup_stm32f10x_md.o(.text)
    TIM4_IRQHandler                          0x0800021b   Thumb Code     0  startup_stm32f10x_md.o(.text)
    USART1_IRQHandler                        0x0800021b   Thumb Code     0  startup_stm32f10x_md.o(.text)
    USART2_IRQHandler                        0x0800021b   Thumb Code     0  startup_stm32f10x_md.o(.text)
    USART3_IRQHandler                        0x0800021b   Thumb Code     0  startup_stm32f10x_md.o(.text)
    USBWakeUp_IRQHandler                     0x0800021b   Thumb Code     0  startup_stm32f10x_md.o(.text)
    USB_HP_CAN1_TX_IRQHandler                0x0800021b   Thumb Code     0  startup_stm32f10x_md.o(.text)
    USB_LP_CAN1_RX0_IRQHandler               0x0800021b   Thumb Code     0  startup_stm32f10x_md.o(.text)
    WWDG_IRQHandler                          0x0800021b   Thumb Code     0  startup_stm32f10x_md.o(.text)
    __user_initial_stackheap                 0x0800021d   Thumb Code     0  startup_stm32f10x_md.o(.text)
    calloc                                   0x08000241   Thumb Code    40  calloc.o(.text)
    __2sprintf                               0x08000269   Thumb Code    34  noretval__2sprintf.o(.text)
    _printf_pre_padding                      0x08000291   Thumb Code    44  _printf_pad.o(.text)
    _printf_post_padding                     0x080002bd   Thumb Code    34  _printf_pad.o(.text)
    _printf_str                              0x080002df   Thumb Code    82  _printf_str.o(.text)
    _printf_int_dec                          0x08000331   Thumb Code   104  _printf_dec.o(.text)
    _printf_charcount                        0x080003a9   Thumb Code    40  _printf_charcount.o(.text)
    _printf_hex_ptr                          0x080003d1   Thumb Code    78  _printf_hex_ptr.o(.text)
    _printf_longlong_hex                     0x080003d1   Thumb Code     0  _printf_hex_ptr.o(.text)
    __printf                                 0x08000425   Thumb Code   388  __printf_flags_ss_wp.o(.text)
    __0sscanf                                0x080005ad   Thumb Code    52  __0sscanf.o(.text)
    _scanf_string                            0x080005e9   Thumb Code   224  _scanf_str.o(.text)
    bsearch                                  0x080006c9   Thumb Code    80  bsearchnoex.o(.text)
    strncasecmp                              0x08000719   Thumb Code    50  strncasecmp.o(.text)
    strcasecmp                               0x0800074b   Thumb Code    42  strcasecmp.o(.text)
    strlen                                   0x08000775   Thumb Code    62  strlen.o(.text)
    __aeabi_memcpy                           0x080007b3   Thumb Code     0  rt_memcpy_v6.o(.text)
    __rt_memcpy                              0x080007b3   Thumb Code   138  rt_memcpy_v6.o(.text)
    _memcpy_lastbytes                        0x08000819   Thumb Code     0  rt_memcpy_v6.o(.text)
    __aeabi_memclr                           0x0800083d   Thumb Code     0  rt_memclr.o(.text)
    __rt_memclr                              0x0800083d   Thumb Code    68  rt_memclr.o(.text)
    _memset                                  0x08000841   Thumb Code     0  rt_memclr.o(.text)
    __aeabi_memclr4                          0x08000881   Thumb Code     0  rt_memclr_w.o(.text)
    __aeabi_memclr8                          0x08000881   Thumb Code     0  rt_memclr_w.o(.text)
    __rt_memclr_w                            0x08000881   Thumb Code    78  rt_memclr_w.o(.text)
    _memset_w                                0x08000885   Thumb Code     0  rt_memclr_w.o(.text)
    __use_two_region_memory                  0x080008cf   Thumb Code     2  heapauxi.o(.text)
    __rt_heap_escrow                         0x080008d1   Thumb Code     2  heapauxi.o(.text)
    __rt_heap_expand                         0x080008d3   Thumb Code     2  heapauxi.o(.text)
    __cpp_initialize__aeabi_                 0x080008d5   Thumb Code    26  init_aeabi.o(.text)
    malloc                                   0x080008f9   Thumb Code    94  h1_alloc.o(.text)
    tolower                                  0x08000957   Thumb Code    26  tolower.o(.text)
    _printf_int_common                       0x08000971   Thumb Code   178  _printf_intcommon.o(.text)
    __lib_sel_fp_printf                      0x08000a23   Thumb Code     2  _printf_fp_dec.o(.text)
    _printf_fp_dec_real                      0x08000bd1   Thumb Code   620  _printf_fp_dec.o(.text)
    _printf_fp_hex_real                      0x08000e3d   Thumb Code   754  _printf_fp_hex.o(.text)
    _printf_char_common                      0x08001143   Thumb Code    32  _printf_char_common.o(.text)
    _sputc                                   0x08001169   Thumb Code    10  _sputc.o(.text)
    _printf_cs_common                        0x08001173   Thumb Code    20  _printf_char.o(.text)
    _printf_char                             0x08001187   Thumb Code    16  _printf_char.o(.text)
    _printf_string                           0x08001197   Thumb Code     8  _printf_char.o(.text)
    _scanf_really_real                       0x0800139d   Thumb Code   668  scanf_fp.o(.text)
    __vfscanf_char                           0x08001651   Thumb Code    24  scanf_char.o(.text)
    _sgetc                                   0x08001671   Thumb Code    30  _sgetc.o(.text)
    _sbackspace                              0x0800168f   Thumb Code    34  _sgetc.o(.text)
    __rt_SIGPVFN                             0x080016b1   Thumb Code    14  defsig_pvfn_outer.o(.text)
    __aeabi_memcpy4                          0x080016bf   Thumb Code     0  rt_memcpy_w.o(.text)
    __aeabi_memcpy8                          0x080016bf   Thumb Code     0  rt_memcpy_w.o(.text)
    __rt_memcpy_w                            0x080016bf   Thumb Code   100  rt_memcpy_w.o(.text)
    _memcpy_lastbytes_aligned                0x08001707   Thumb Code     0  rt_memcpy_w.o(.text)
    __rt_ctype_table                         0x08001725   Thumb Code    16  rt_ctype_table.o(.text)
    __rt_heap_descriptor                     0x08001735   Thumb Code     8  rt_heap_descriptor_intlibspace.o(.text)
    __rt_locale                              0x0800173d   Thumb Code     8  rt_locale_intlibspace.o(.text)
    __aeabi_errno_addr                       0x08001745   Thumb Code     8  rt_errno_addr_intlibspace.o(.text)
    __errno$intlibspace                      0x08001745   Thumb Code     0  rt_errno_addr_intlibspace.o(.text)
    __rt_errno_addr$intlibspace              0x08001745   Thumb Code     0  rt_errno_addr_intlibspace.o(.text)
    __use_no_heap                            0x0800174d   Thumb Code     2  hguard.o(.text)
    __heap$guard                             0x0800174f   Thumb Code     2  hguard.o(.text)
    _terminate_user_alloc                    0x08001751   Thumb Code     2  init_alloc.o(.text)
    _init_user_alloc                         0x08001753   Thumb Code     2  init_alloc.o(.text)
    __Heap_Full                              0x08001755   Thumb Code    34  init_alloc.o(.text)
    __Heap_Broken                            0x08001777   Thumb Code     6  init_alloc.o(.text)
    _init_alloc                              0x0800177d   Thumb Code    94  init_alloc.o(.text)
    __Heap_Initialize                        0x080017db   Thumb Code    10  h1_init.o(.text)
    __Heap_DescSize                          0x080017e5   Thumb Code     4  h1_init.o(.text)
    free                                     0x080017e9   Thumb Code    78  h1_free.o(.text)
    _ll_udiv10                               0x08001837   Thumb Code   138  lludiv10.o(.text)
    isspace                                  0x080018c1   Thumb Code    18  isspace.o(.text)
    _printf_fp_infnan                        0x080018d5   Thumb Code   112  _printf_fp_infnan.o(.text)
    __vfscanf                                0x08001955   Thumb Code   878  _scanf.o(.text)
    _btod_etento                             0x08001cc9   Thumb Code   216  bigflt0.o(.text)
    __sig_exit                               0x08001da5   Thumb Code    10  defsig_exit.o(.text)
    __rt_SIGPVFN_inner                       0x08001db1   Thumb Code    14  defsig_pvfn_inner.o(.text)
    _sys_exit                                0x08001de1   Thumb Code     8  sys_exit.o(.text)
    __user_libspace                          0x08001ded   Thumb Code     8  libspace.o(.text)
    __user_perproc_libspace                  0x08001ded   Thumb Code     0  libspace.o(.text)
    __user_perthread_libspace                0x08001ded   Thumb Code     0  libspace.o(.text)
    __user_setup_stackheap                   0x08001df5   Thumb Code    74  sys_stackheap_outer.o(.text)
    __Heap_ProvideMemory                     0x08001e3f   Thumb Code    52  h1_extend.o(.text)
    __read_errno                             0x08001e73   Thumb Code    10  _rserrno.o(.text)
    __set_errno                              0x08001e7d   Thumb Code    12  _rserrno.o(.text)
    _scanf_really_hex_real                   0x08001e89   Thumb Code   778  scanf_hexfp.o(.text)
    _scanf_really_infnan                     0x080021a1   Thumb Code   292  scanf_infnan.o(.text)
    exit                                     0x080022d5   Thumb Code    12  exit.o(.text)
    __default_signal_display                 0x080022e1   Thumb Code    50  defsig_general.o(.text)
    __rt_SIGRTMEM                            0x08002313   Thumb Code    14  defsig_rtmem_outer.o(.text)
    strcmp                                   0x08002321   Thumb Code   128  strcmpv7m.o(.text)
    _ttywrch                                 0x080023a1   Thumb Code    14  sys_wrch.o(.text)
    __I$use$semihosting                      0x080023af   Thumb Code     0  use_no_semi.o(.text)
    __use_no_semihosting_swi                 0x080023af   Thumb Code     2  use_no_semi.o(.text)
    __aeabi_llsl                             0x080023b1   Thumb Code     0  llshl.o(.text)
    __semihosting_library_function           0x080023b1   Thumb Code     0  indicate_semi.o(.text)
    _ll_shift_l                              0x080023b1   Thumb Code    38  llshl.o(.text)
    _chval                                   0x080023d7   Thumb Code    28  _chval.o(.text)
    __rt_SIGRTMEM_inner                      0x080023f5   Thumb Code    22  defsig_rtmem_inner.o(.text)
    _btod_d2e                                0x08002445   Thumb Code    62  btod.o(CL$$btod_d2e)
    _d2e_denorm_low                          0x08002483   Thumb Code    70  btod.o(CL$$btod_d2e_denorm_low)
    _d2e_norm_op1                            0x080024c9   Thumb Code    96  btod.o(CL$$btod_d2e_norm_op1)
    __btod_div_common                        0x08002529   Thumb Code   696  btod.o(CL$$btod_div_common)
    _e2d                                     0x08002861   Thumb Code    80  btod.o(CL$$btod_e2d)
    _e2e                                     0x080028b5   Thumb Code   198  btod.o(CL$$btod_e2e)
    _btod_ediv                               0x0800297b   Thumb Code    40  btod.o(CL$$btod_ediv)
    _btod_edivd                              0x080029a3   Thumb Code    40  btod.o(CL$$btod_edivd)
    _btod_emul                               0x080029cb   Thumb Code    40  btod.o(CL$$btod_emul)
    _btod_emuld                              0x080029f3   Thumb Code    40  btod.o(CL$$btod_emuld)
    __btod_mult_common                       0x08002a1b   Thumb Code   580  btod.o(CL$$btod_mult_common)
    DMA1_Channel2_IRQHandler                 0x08002c61   Thumb Code    34  serial.o(i.DMA1_Channel2_IRQHandler)
    DMA1_Channel4_IRQHandler                 0x08002c8d   Thumb Code    36  serial.o(i.DMA1_Channel4_IRQHandler)
    DMA1_Channel7_IRQHandler                 0x08002cb9   Thumb Code    36  serial.o(i.DMA1_Channel7_IRQHandler)
    DMA_ClearITPendingBit                    0x08002ce5   Thumb Code    18  stm32f10x_dma.o(i.DMA_ClearITPendingBit)
    DMA_Cmd                                  0x08002d01   Thumb Code    24  stm32f10x_dma.o(i.DMA_Cmd)
    DMA_DeInit                               0x08002d19   Thumb Code   324  stm32f10x_dma.o(i.DMA_DeInit)
    DMA_ITConfig                             0x08002e65   Thumb Code    18  stm32f10x_dma.o(i.DMA_ITConfig)
    DMA_Init                                 0x08002e77   Thumb Code    60  stm32f10x_dma.o(i.DMA_Init)
    FLASH_ClearFlag                          0x08002eb5   Thumb Code     6  stm32f10x_flash.o(i.FLASH_ClearFlag)
    FLASH_ErasePage                          0x08002ec1   Thumb Code    72  stm32f10x_flash.o(i.FLASH_ErasePage)
    FLASH_GetBank1Status                     0x08002f0d   Thumb Code    48  stm32f10x_flash.o(i.FLASH_GetBank1Status)
    FLASH_Lock                               0x08002f41   Thumb Code    14  stm32f10x_flash.o(i.FLASH_Lock)
    FLASH_ProgramWord                        0x08002f55   Thumb Code   102  stm32f10x_flash.o(i.FLASH_ProgramWord)
    FLASH_Unlock                             0x08002fc1   Thumb Code    12  stm32f10x_flash.o(i.FLASH_Unlock)
    FLASH_WaitForLastOperation               0x08002fd9   Thumb Code    38  stm32f10x_flash.o(i.FLASH_WaitForLastOperation)
    GPIO_Init                                0x08002fff   Thumb Code   278  stm32f10x_gpio.o(i.GPIO_Init)
    GPIO_PinRemapConfig                      0x08003115   Thumb Code   138  stm32f10x_gpio.o(i.GPIO_PinRemapConfig)
    NVIC_Init                                0x080031a5   Thumb Code   100  misc.o(i.NVIC_Init)
    RCC_AHBPeriphClockCmd                    0x08003215   Thumb Code    26  stm32f10x_rcc.o(i.RCC_AHBPeriphClockCmd)
    RCC_APB1PeriphClockCmd                   0x08003235   Thumb Code    26  stm32f10x_rcc.o(i.RCC_APB1PeriphClockCmd)
    RCC_APB2PeriphClockCmd                   0x08003255   Thumb Code    26  stm32f10x_rcc.o(i.RCC_APB2PeriphClockCmd)
    RCC_ClearFlag                            0x08003275   Thumb Code    14  stm32f10x_rcc.o(i.RCC_ClearFlag)
    RCC_GetClocksFreq                        0x08003289   Thumb Code   192  stm32f10x_rcc.o(i.RCC_GetClocksFreq)
    RCC_GetFlagStatus                        0x0800335d   Thumb Code    56  stm32f10x_rcc.o(i.RCC_GetFlagStatus)
    RCC_HSICmd                               0x08003399   Thumb Code     6  stm32f10x_rcc.o(i.RCC_HSICmd)
    SysTick_Handler                          0x0800348d   Thumb Code   110  run.o(i.SysTick_Handler)
    SystemInit                               0x08003519   Thumb Code    78  system_stm32f10x.o(i.SystemInit)
    USART_Cmd                                0x08003579   Thumb Code    24  stm32f10x_usart.o(i.USART_Cmd)
    USART_DMACmd                             0x08003591   Thumb Code    18  stm32f10x_usart.o(i.USART_DMACmd)
    USART_Init                               0x080035a5   Thumb Code   210  stm32f10x_usart.o(i.USART_Init)
    SBGC_get_angles_pack(SBGC_get_angles_t&, SerialCommand&) 0x08003851   Thumb Code   106  sbgc_cmd_helpers.o(i._Z20SBGC_get_angles_packR17SBGC_get_angles_tR13SerialCommand)
    SBGC_run_script_pack(SBGC_run_script_t&, SerialCommand&) 0x080038bb   Thumb Code    36  sbgc_cmd_helpers.o(i._Z20SBGC_run_script_packR17SBGC_run_script_tR13SerialCommand)
    WOFL_get_angles_pack(WOFL_get_angles_t&, WOFLCommand&) 0x080038df   Thumb Code   114  wofl_helper.o(i._Z20WOFL_get_angles_packR17WOFL_get_angles_tR11WOFLCommand)
    SBGC_cmd_control_pack(SBGC_cmd_control_t&, SerialCommand&) 0x08003951   Thumb Code    86  sbgc_cmd_helpers.o(i._Z21SBGC_cmd_control_packR18SBGC_cmd_control_tR13SerialCommand)
    WOFL_version_info_pack(WOFL_version_info_t&, WOFLCommand&) 0x080039a7   Thumb Code    64  wofl_helper.o(i._Z22WOFL_version_info_packR19WOFL_version_info_tR11WOFLCommand)
    WOFL_unsupport_cmd_pack(WOFL_unsupport_cmd_t&, WOFLCommand&) 0x080039e7   Thumb Code    44  wofl_helper.o(i._Z23WOFL_unsupport_cmd_packR20WOFL_unsupport_cmd_tR11WOFLCommand)
    SBGC_cmd_realtime_data_unpack(SBGC_cmd_realtime_data_t&, SerialCommand&) 0x08003a13   Thumb Code   304  sbgc_cmd_helpers.o(i._Z29SBGC_cmd_realtime_data_unpackR24SBGC_cmd_realtime_data_tR13SerialCommand)
    SBGC_cmd_api_virt_ch_control_pack(SBGC_cmd_api_virt_ch_control_t&, SerialCommand&) 0x08003b43   Thumb Code    38  sbgc_cmd_helpers.o(i._Z33SBGC_cmd_api_virt_ch_control_packR30SBGC_cmd_api_virt_ch_control_tR13SerialCommand)
    WOFLComObj::getOutEmptySpace()           0x08003b69   Thumb Code     8  simplewofl.o(i._ZN10WOFLComObj16getOutEmptySpaceEv)
    WOFLComObj::getBytesAvailable()          0x08003b71   Thumb Code    14  simplewofl.o(i._ZN10WOFLComObj17getBytesAvailableEv)
    WOFLComObj::readByte()                   0x08003b7f   Thumb Code    14  simplewofl.o(i._ZN10WOFLComObj8readByteEv)
    WOFLComObj::writeByte(unsigned char)     0x08003b8d   Thumb Code    20  simplewofl.o(i._ZN10WOFLComObj9writeByteEh)
    SBGC_Parser::onParseError(unsigned char) 0x08003ba1   Thumb Code     8  simplebgc.o(i._ZN11SBGC_Parser12onParseErrorEh)
    SBGC_Parser::process_char(unsigned char) 0x08003ba9   Thumb Code   186  simplebgc.o(i._ZN11SBGC_Parser12process_charEh)
    SBGC_Parser::send_command(unsigned char, void*, unsigned short, unsigned char) 0x08003c63   Thumb Code   154  simplebgc.o(i._ZN11SBGC_Parser12send_commandEhPvth)
    SBGC_Parser::send_cmd(SerialCommand&, unsigned char) 0x08003cfd   Thumb Code    26  simplewofl.o(i._ZN11SBGC_Parser8send_cmdER13SerialCommandh)
    Stm32ComObj::getOutEmptySpace()          0x08003d17   Thumb Code     8  simplebgc.o(i._ZN11Stm32ComObj16getOutEmptySpaceEv)
    Stm32ComObj::getBytesAvailable()         0x08003d1f   Thumb Code    14  simplebgc.o(i._ZN11Stm32ComObj17getBytesAvailableEv)
    Stm32ComObj::readByte()                  0x08003d2d   Thumb Code    14  simplebgc.o(i._ZN11Stm32ComObj8readByteEv)
    Stm32ComObj::writeByte(unsigned char)    0x08003d3b   Thumb Code    20  simplebgc.o(i._ZN11Stm32ComObj9writeByteEh)
    WOFLCommand::cmd(unsigned char)          0x08003d4f   Thumb Code     4  wofl_helper.o(i._ZN11WOFLCommand3cmdEh)
    WOFLCommand::init(unsigned char)         0x08003d53   Thumb Code    14  wofl_helper.o(i._ZN11WOFLCommand4initEh)
    WOFLCommand::writeByte(unsigned char)    0x08003d61   Thumb Code    24  simplebgc.o(i._ZN11WOFLCommand9writeByteEh)
    WOFLCommand::WOFLCommand()               0x08003d79   Thumb Code     8  simplewofl.o(i._ZN11WOFLCommandC1Ev)
    WOFLCommand::WOFLCommand__sub_object()   0x08003d79   Thumb Code     0  simplewofl.o(i._ZN11WOFLCommandC1Ev)
    WOFL_Parser::onParseError(unsigned char) 0x08003d89   Thumb Code     8  simplewofl.o(i._ZN11WOFL_Parser12onParseErrorEh)
    WOFL_Parser::process_char(unsigned char) 0x08003d91   Thumb Code   192  simplewofl.o(i._ZN11WOFL_Parser12process_charEh)
    WOFL_Parser::send_command(unsigned char, unsigned char, void*, unsigned short, unsigned char) 0x08003e51   Thumb Code   144  simplebgc.o(i._ZN11WOFL_Parser12send_commandEhhPvth)
    WOFL_Parser::send_cmd(WOFLCommand&, unsigned char) 0x08003ee1   Thumb Code    30  simplewofl.o(i._ZN11WOFL_Parser8send_cmdER11WOFLCommandh)
    SBGC_IOStream::readWordArr(short*, unsigned char) 0x08003eff   Thumb Code    22  sbgc_cmd_helpers.o(i._ZN13SBGC_IOStream11readWordArrEPsh)
    SBGC_IOStream::readBuf(void*, unsigned char) 0x08003f15   Thumb Code    36  sbgc_cmd_helpers.o(i._ZN13SBGC_IOStream7readBufEPvh)
    SBGC_IOStream::readWord()                0x08003f39   Thumb Code    30  sbgc_cmd_helpers.o(i._ZN13SBGC_IOStream8readWordEv)
    SBGC_IOStream::skipBytes(unsigned char)  0x08003f57   Thumb Code    28  sbgc_cmd_helpers.o(i._ZN13SBGC_IOStream9skipBytesEh)
    SBGC_IOStream::writeWord(short)          0x08003f73   Thumb Code    30  sbgc_cmd_helpers.o(i._ZN13SBGC_IOStream9writeWordEs)
    SerialCommand::checkLimit()              0x08003f91   Thumb Code    20  simplebgc.o(i._ZN13SerialCommand10checkLimitEv)
    SerialCommand::update_checksum(unsigned char&, unsigned char) 0x08003fa5   Thumb Code     8  simplebgc.o(i._ZN13SerialCommand15update_checksumERhh)
    SerialCommand::init(unsigned char)       0x08003fad   Thumb Code    12  sbgc_cmd_helpers.o(i._ZN13SerialCommand4initEh)
    SerialCommand::readByte()                0x08003fb9   Thumb Code    34  simplebgc.o(i._ZN13SerialCommand8readByteEv)
    SerialCommand::writeByte(unsigned char)  0x08003fdb   Thumb Code    24  simplebgc.o(i._ZN13SerialCommand9writeByteEh)
    SerialCommand::SerialCommand()           0x08003ff5   Thumb Code     8  simplebgc.o(i._ZN13SerialCommandC1Ev)
    SerialCommand::SerialCommand__sub_object() 0x08003ff5   Thumb Code     0  simplebgc.o(i._ZN13SerialCommandC1Ev)
    WOFL_IOStream::writeWord(short)          0x08004005   Thumb Code    30  wofl_helper.o(i._ZN13WOFL_IOStream9writeWordEs)
    __ARM_fpclassify                         0x08004023   Thumb Code    40  fpclassify.o(i.__ARM_fpclassify)
    __cxa_pure_virtual                       0x0800404b   Thumb Code     6  pure_virt.o(i.__cxa_pure_virtual)
    __mathlib_dbl_overflow                   0x08004051   Thumb Code    14  dunder.o(i.__mathlib_dbl_overflow)
    __mathlib_dbl_underflow                  0x08004061   Thumb Code    10  dunder.o(i.__mathlib_dbl_underflow)
    __mathlib_narrow                         0x08004071   Thumb Code    16  narrow.o(i.__mathlib_narrow)
    __mathlib_tofloat                        0x08004081   Thumb Code   132  narrow.o(i.__mathlib_tofloat)
    __support_ldexp                          0x08004161   Thumb Code    22  ldexp.o(i.__support_ldexp)
    _is_digit                                0x08004177   Thumb Code    14  __printf_wp.o(i._is_digit)
    cliCheck                                 0x08004185   Thumb Code    10  cli.o(i.cliCheck)
    cliInit                                  0x08004447   Thumb Code    10  cli.o(i.cliInit)
    cliPrintParam                            0x08004451   Thumb Code    72  cli.o(i.cliPrintParam)
    cliUsage                                 0x080044b9   Thumb Code    36  cli.o(i.cliUsage)
    cliXCheck                                0x080044e9   Thumb Code   454  cli.o(i.cliXCheck)
    cliXInit                                 0x0800473d   Thumb Code    66  cli.o(i.cliXInit)
    configGetId                              0x080047e9   Thumb Code    52  config.o(i.configGetId)
    configInit                               0x08004821   Thumb Code    66  config.o(i.configInit)
    configLoadDefault                        0x0800486d   Thumb Code    24  config.o(i.configLoadDefault)
    configReadFlash                          0x0800488d   Thumb Code    16  config.o(i.configReadFlash)
    configSetParamByID                       0x080048ad   Thumb Code    32  config.o(i.configSetParamByID)
    configWriteFlash                         0x080048d1   Thumb Code   136  config.o(i.configWriteFlash)
    digitalInit                              0x08004961   Thumb Code    54  digital.o(i.digitalInit)
    frexp                                    0x08004999   Thumb Code    80  frexp.o(i.frexp)
    getBuildNumber                           0x080049f1   Thumb Code     6  getbuildnum.o(i.getBuildNumber)
    ldexp                                    0x080049f7   Thumb Code   116  ldexp.o(i.ldexp)
    main                                     0x08004a6d   Thumb Code   140  main.o(i.main)
    rccInit                                  0x08004b5d   Thumb Code   206  rcc.o(i.rccInit)
    rccReset                                 0x08004c55   Thumb Code    16  rcc.o(i.rccReset)
    rccWriteBkpDr                            0x08004c71   Thumb Code    40  rcc.o(i.rccWriteBkpDr)
    runFeedIWDG                              0x08004ca1   Thumb Code     2  run.o(i.runFeedIWDG)
    runIWDGInit                              0x08004ca3   Thumb Code     6  run.o(i.runIWDGInit)
    runInit                                  0x08004ca9   Thumb Code    74  run.o(i.runInit)
    serialInit                               0x08004de1   Thumb Code    56  serial.o(i.serialInit)
    serialPrint                              0x08004ee9   Thumb Code    16  serial.o(i.serialPrint)
    serialSetConstants                       0x08004efd   Thumb Code    86  serial.o(i.serialSetConstants)
    serialWrite                              0x08005069   Thumb Code    16  serial.o(i.serialWrite)
    serialXAvailable                         0x0800507d   Thumb Code    40  serial.o(i.serialXAvailable)
    serialXPrint                             0x080050a9   Thumb Code    26  serial.o(i.serialXPrint)
    serialXRead                              0x080050c5   Thumb Code    62  serial.o(i.serialXRead)
    serialXStartTxDMA                        0x08005109   Thumb Code   124  serial.o(i.serialXStartTxDMA)
    serialXWrite                             0x08005189   Thumb Code    66  serial.o(i.serialXWrite)
    simplebgc_init                           0x080051d1   Thumb Code    26  simplebgc.o(i.simplebgc_init)
    simplebgc_process_inqueue                0x080051f9   Thumb Code   276  simplebgc.o(i.simplebgc_process_inqueue)
    simplewofl_init                          0x08005339   Thumb Code    26  simplewofl.o(i.simplewofl_init)
    simplewofl_process_inqueue               0x08005361   Thumb Code    80  simplewofl.o(i.simplewofl_process_inqueue)
    _get_lc_numeric                          0x080053b5   Thumb Code    44  lc_numeric_c.o(locale$$code)
    _get_lc_ctype                            0x080053e1   Thumb Code    44  lc_ctype_c.o(locale$$code)
    __aeabi_d2f                              0x0800540d   Thumb Code     0  d2f.o(x$fpl$d2f)
    _d2f                                     0x0800540d   Thumb Code    98  d2f.o(x$fpl$d2f)
    __fpl_dcheck_NaN1                        0x08005471   Thumb Code    10  dcheck1.o(x$fpl$dcheck1)
    __fpl_dcmp_Inf                           0x08005481   Thumb Code    24  dcmpi.o(x$fpl$dcmpinf)
    __aeabi_cdcmpeq                          0x08005499   Thumb Code     0  deqf.o(x$fpl$deqf)
    _dcmpeq                                  0x08005499   Thumb Code   120  deqf.o(x$fpl$deqf)
    __aeabi_cdcmple                          0x08005511   Thumb Code     0  dleqf.o(x$fpl$dleqf)
    _dcmple                                  0x08005511   Thumb Code   120  dleqf.o(x$fpl$dleqf)
    __fpl_dcmple_InfNaN                      0x08005573   Thumb Code     0  dleqf.o(x$fpl$dleqf)
    __fpl_dnaninf                            0x08005589   Thumb Code   156  dnaninf.o(x$fpl$dnaninf)
    __fpl_dretinf                            0x08005625   Thumb Code    12  dretinf.o(x$fpl$dretinf)
    __aeabi_cdrcmple                         0x08005631   Thumb Code     0  drleqf.o(x$fpl$drleqf)
    _drcmple                                 0x08005631   Thumb Code   108  drleqf.o(x$fpl$drleqf)
    __aeabi_f2d                              0x0800569d   Thumb Code     0  f2d.o(x$fpl$f2d)
    _f2d                                     0x0800569d   Thumb Code    86  f2d.o(x$fpl$f2d)
    __fpl_fcmp_Inf                           0x080056f3   Thumb Code    24  fcmpi.o(x$fpl$fcmpinf)
    __aeabi_fdiv                             0x0800570d   Thumb Code     0  fdiv.o(x$fpl$fdiv)
    _fdiv                                    0x0800570d   Thumb Code   384  fdiv.o(x$fpl$fdiv)
    __aeabi_f2iz                             0x08005891   Thumb Code     0  ffix.o(x$fpl$ffix)
    _ffix                                    0x08005891   Thumb Code    54  ffix.o(x$fpl$ffix)
    __aeabi_i2f                              0x080058c9   Thumb Code     0  fflt_clz.o(x$fpl$fflt)
    _fflt                                    0x080058c9   Thumb Code    48  fflt_clz.o(x$fpl$fflt)
    __aeabi_ui2f                             0x080058f9   Thumb Code     0  fflt_clz.o(x$fpl$ffltu)
    _ffltu                                   0x080058f9   Thumb Code    38  fflt_clz.o(x$fpl$ffltu)
    __aeabi_cfcmple                          0x08005921   Thumb Code     0  fleqf.o(x$fpl$fleqf)
    _fcmple                                  0x08005921   Thumb Code   104  fleqf.o(x$fpl$fleqf)
    __fpl_fcmple_InfNaN                      0x08005973   Thumb Code     0  fleqf.o(x$fpl$fleqf)
    __aeabi_fmul                             0x08005989   Thumb Code     0  fmul.o(x$fpl$fmul)
    _fmul                                    0x08005989   Thumb Code   258  fmul.o(x$fpl$fmul)
    __fpl_fnaninf                            0x08005a8b   Thumb Code   140  fnaninf.o(x$fpl$fnaninf)
    __fpl_fretinf                            0x08005b17   Thumb Code    10  fretinf.o(x$fpl$fretinf)
    __aeabi_cfrcmple                         0x08005b21   Thumb Code     0  frleqf.o(x$fpl$frleqf)
    _frcmple                                 0x08005b21   Thumb Code    98  frleqf.o(x$fpl$frleqf)
    _printf_fp_dec                           0x08005b83   Thumb Code     4  printf1.o(x$fpl$printf1)
    _printf_fp_hex                           0x08005b87   Thumb Code     4  printf2.o(x$fpl$printf2)
    __fpl_return_NaN                         0x08005b8b   Thumb Code   100  retnan.o(x$fpl$retnan)
    __ARM_scalbn                             0x08005bef   Thumb Code    92  scalbn.o(x$fpl$scalbn)
    _scanf_real                              0x08005c4b   Thumb Code     4  scanf1.o(x$fpl$scanf1)
    _scanf_hex_real                          0x08005c4f   Thumb Code     4  scanf2.o(x$fpl$scanf2)
    _scanf_infnan                            0x08005c53   Thumb Code     4  scanf2.o(x$fpl$scanf2)
    __fpl_cmpreturn                          0x08005c57   Thumb Code    48  trapv.o(x$fpl$trapveneer)
    __I$use$fp                               0x08005c86   Number         0  usenofp.o(x$fpl$usenofp)
    vtable for WOFLComObj                    0x08005dc8   Data          24  simplewofl.o(.constdata__ZTV10WOFLComObj)
    vtable for SBGC_ComObj                   0x08005de0   Data          24  simplebgc.o(.constdata__ZTV11SBGC_ComObj)
    vtable for Stm32ComObj                   0x08005df8   Data          24  simplebgc.o(.constdata__ZTV11Stm32ComObj)
    vtable for WOFLCommand                   0x08005e10   Data          24  simplebgc.o(.constdata__ZTV11WOFLCommand)
    vtable for WOFL_ComObj                   0x08005e28   Data          24  simplewofl.o(.constdata__ZTV11WOFL_ComObj)
    vtable for SBGC_IOStream                 0x08005e40   Data          20  simplebgc.o(.constdata__ZTV13SBGC_IOStream)
    vtable for SerialCommand                 0x08005e54   Data          24  simplebgc.o(.constdata__ZTV13SerialCommand)
    vtable for WOFL_IOStream                 0x08005e6c   Data          20  simplebgc.o(.constdata__ZTV13WOFL_IOStream)
    Region$$Table$$Base                      0x08005f30   Number         0  anon$$obj.o(Region$$Table)
    Region$$Table$$Limit                     0x08005f50   Number         0  anon$$obj.o(Region$$Table)
    __aeabi_HUGE_VAL                         0x08005f50   Data           0  fpconst.o(c$$dinf)
    __aeabi_HUGE_VALL                        0x08005f50   Data           0  fpconst.o(c$$dinf)
    __aeabi_INFINITY                         0x08005f50   Data           0  fpconst.o(c$$dinf)
    __dInf                                   0x08005f50   Data           0  fpconst.o(c$$dinf)
    __huge_val                               0x08005f50   Data           0  fpconst.o(c$$dinf)
    __ctype                                  0x08005f81   Data           0  lc_ctype_c.o(locale$$data)
    SHT$$INIT_ARRAY$$Base                    0x08006084   Number         0  simplebgc.o(.init_array)
    SHT$$INIT_ARRAY$$Limit                   0x0800608c   Number         0  init_aeabi.o(.init_array)
    SystemCoreClock                          0x20000014   Data           4  system_stm32f10x.o(.data)
    AHBPrescTable                            0x20000018   Data          16  system_stm32f10x.o(.data)
    configParameterStrings                   0x2000002c   Data          12  config.o(.data)
    configFormatStrings                      0x20000038   Data          12  config.o(.data)
    statusLed                                0x20000044   Data           4  main.o(.data)
    minCycles                                0x20000048   Data           4  main.o(.data)
    idleCounter                              0x2000004c   Data           4  main.o(.data)
    totalCycles                              0x20000050   Data           4  main.o(.data)
    state                                    0x20000054   Data           1  main.o(.data)
    runMilis                                 0x20000058   Data           4  run.o(.data)
    idlePercent                              0x20000060   Data           4  run.o(.data)
    version                                  0x20000080   Data          16  cli.o(.bss)
    p                                        0x2000013c   Data          12  config.o(.bss)
    serialPort                               0x20000148   Data       13200  serial.o(.bss)
    sbgc_parser                              0x200034d8   Data         272  simplebgc.o(.bss)
    wofl_parser                              0x20003668   Data         272  simplewofl.o(.bss)
    __libspace_start                         0x20003778   Data          96  libspace.o(.bss)
    __temporary_stack_top$libspace           0x200037d8   Data           0  libspace.o(.bss)



==============================================================================

Memory Map of the image

  Image Entry point : 0x080000ed

  Load Region LR_IROM1 (Base: 0x08000000, Size: 0x0000610c, Max: 0x00010000, ABSOLUTE)

    Execution Region ER_IROM1 (Base: 0x08000000, Size: 0x0000608c, Max: 0x00010000, ABSOLUTE)

    Base Addr    Size         Type   Attr      Idx    E Section Name        Object

    0x08000000   0x000000ec   Data   RO         1779    RESET               startup_stm32f10x_md.o
    0x080000ec   0x00000008   Code   RO         3218  * !!!main             c_w.l(__main.o)
    0x080000f4   0x00000034   Code   RO         3851    !!!scatter          c_w.l(__scatter.o)
    0x08000128   0x0000001a   Code   RO         3853    !!handler_copy      c_w.l(__scatter_copy.o)
    0x08000142   0x00000002   PAD
    0x08000144   0x0000001c   Code   RO         3855    !!handler_zi        c_w.l(__scatter_zi.o)
    0x08000160   0x00000000   Code   RO         3197    .ARM.Collect$$_printf_percent$$00000000  c_w.l(_printf_percent.o)
    0x08000160   0x00000006   Code   RO         3190    .ARM.Collect$$_printf_percent$$00000001  c_w.l(_printf_n.o)
    0x08000166   0x00000006   Code   RO         3191    .ARM.Collect$$_printf_percent$$00000002  c_w.l(_printf_p.o)
    0x0800016c   0x00000006   Code   RO         3193    .ARM.Collect$$_printf_percent$$00000003  c_w.l(_printf_f.o)
    0x08000172   0x00000006   Code   RO         3194    .ARM.Collect$$_printf_percent$$00000004  c_w.l(_printf_e.o)
    0x08000178   0x00000006   Code   RO         3195    .ARM.Collect$$_printf_percent$$00000005  c_w.l(_printf_g.o)
    0x0800017e   0x00000006   Code   RO         3196    .ARM.Collect$$_printf_percent$$00000006  c_w.l(_printf_a.o)
    0x08000184   0x00000006   Code   RO         3192    .ARM.Collect$$_printf_percent$$00000009  c_w.l(_printf_d.o)
    0x0800018a   0x00000006   Code   RO         3189    .ARM.Collect$$_printf_percent$$00000014  c_w.l(_printf_s.o)
    0x08000190   0x00000004   Code   RO         3439    .ARM.Collect$$_printf_percent$$00000017  c_w.l(_printf_percent_end.o)
    0x08000194   0x00000002   Code   RO         3718    .ARM.Collect$$libinit$$00000000  c_w.l(libinit.o)
    0x08000196   0x00000000   Code   RO         3453    .ARM.Collect$$libinit$$00000002  c_w.l(libinit2.o)
    0x08000196   0x00000000   Code   RO         3455    .ARM.Collect$$libinit$$00000004  c_w.l(libinit2.o)
    0x08000196   0x00000008   Code   RO         3456    .ARM.Collect$$libinit$$00000005  c_w.l(libinit2.o)
    0x0800019e   0x00000000   Code   RO         3458    .ARM.Collect$$libinit$$0000000A  c_w.l(libinit2.o)
    0x0800019e   0x00000000   Code   RO         3460    .ARM.Collect$$libinit$$0000000C  c_w.l(libinit2.o)
    0x0800019e   0x00000000   Code   RO         3462    .ARM.Collect$$libinit$$0000000E  c_w.l(libinit2.o)
    0x0800019e   0x00000006   Code   RO         3463    .ARM.Collect$$libinit$$0000000F  c_w.l(libinit2.o)
    0x080001a4   0x00000000   Code   RO         3465    .ARM.Collect$$libinit$$00000011  c_w.l(libinit2.o)
    0x080001a4   0x0000000c   Code   RO         3466    .ARM.Collect$$libinit$$00000012  c_w.l(libinit2.o)
    0x080001b0   0x00000000   Code   RO         3467    .ARM.Collect$$libinit$$00000013  c_w.l(libinit2.o)
    0x080001b0   0x00000000   Code   RO         3469    .ARM.Collect$$libinit$$00000015  c_w.l(libinit2.o)
    0x080001b0   0x0000000a   Code   RO         3470    .ARM.Collect$$libinit$$00000016  c_w.l(libinit2.o)
    0x080001ba   0x00000000   Code   RO         3471    .ARM.Collect$$libinit$$00000017  c_w.l(libinit2.o)
    0x080001ba   0x00000000   Code   RO         3473    .ARM.Collect$$libinit$$00000019  c_w.l(libinit2.o)
    0x080001ba   0x00000000   Code   RO         3475    .ARM.Collect$$libinit$$0000001B  c_w.l(libinit2.o)
    0x080001ba   0x00000000   Code   RO         3477    .ARM.Collect$$libinit$$0000001D  c_w.l(libinit2.o)
    0x080001ba   0x00000000   Code   RO         3479    .ARM.Collect$$libinit$$0000001F  c_w.l(libinit2.o)
    0x080001ba   0x00000000   Code   RO         3481    .ARM.Collect$$libinit$$00000021  c_w.l(libinit2.o)
    0x080001ba   0x00000000   Code   RO         3483    .ARM.Collect$$libinit$$00000023  c_w.l(libinit2.o)
    0x080001ba   0x00000000   Code   RO         3485    .ARM.Collect$$libinit$$00000025  c_w.l(libinit2.o)
    0x080001ba   0x00000000   Code   RO         3489    .ARM.Collect$$libinit$$0000002C  c_w.l(libinit2.o)
    0x080001ba   0x00000000   Code   RO         3491    .ARM.Collect$$libinit$$0000002E  c_w.l(libinit2.o)
    0x080001ba   0x00000000   Code   RO         3493    .ARM.Collect$$libinit$$00000030  c_w.l(libinit2.o)
    0x080001ba   0x00000004   Code   RO         3494    .ARM.Collect$$libinit$$00000031  c_w.l(libinit2.o)
    0x080001be   0x00000000   Code   RO         3495    .ARM.Collect$$libinit$$00000032  c_w.l(libinit2.o)
    0x080001be   0x00000002   Code   RO         3496    .ARM.Collect$$libinit$$00000033  c_w.l(libinit2.o)
    0x080001c0   0x00000002   Code   RO         3832    .ARM.Collect$$libshutdown$$00000000  c_w.l(libshutdown.o)
    0x080001c2   0x00000000   Code   RO         3800    .ARM.Collect$$libshutdown$$00000003  c_w.l(libshutdown2.o)
    0x080001c2   0x00000000   Code   RO         3803    .ARM.Collect$$libshutdown$$00000006  c_w.l(libshutdown2.o)
    0x080001c2   0x00000000   Code   RO         3806    .ARM.Collect$$libshutdown$$00000009  c_w.l(libshutdown2.o)
    0x080001c2   0x00000000   Code   RO         3808    .ARM.Collect$$libshutdown$$0000000B  c_w.l(libshutdown2.o)
    0x080001c2   0x00000000   Code   RO         3811    .ARM.Collect$$libshutdown$$0000000E  c_w.l(libshutdown2.o)
    0x080001c2   0x00000002   Code   RO         3812    .ARM.Collect$$libshutdown$$0000000F  c_w.l(libshutdown2.o)
    0x080001c4   0x00000000   Code   RO         3367    .ARM.Collect$$rtentry$$00000000  c_w.l(__rtentry.o)
    0x080001c4   0x00000000   Code   RO         3522    .ARM.Collect$$rtentry$$00000002  c_w.l(__rtentry2.o)
    0x080001c4   0x00000006   Code   RO         3534    .ARM.Collect$$rtentry$$00000004  c_w.l(__rtentry4.o)
    0x080001ca   0x00000000   Code   RO         3524    .ARM.Collect$$rtentry$$00000009  c_w.l(__rtentry2.o)
    0x080001ca   0x00000004   Code   RO         3525    .ARM.Collect$$rtentry$$0000000A  c_w.l(__rtentry2.o)
    0x080001ce   0x00000000   Code   RO         3527    .ARM.Collect$$rtentry$$0000000C  c_w.l(__rtentry2.o)
    0x080001ce   0x00000008   Code   RO         3528    .ARM.Collect$$rtentry$$0000000D  c_w.l(__rtentry2.o)
    0x080001d6   0x00000002   Code   RO         3737    .ARM.Collect$$rtexit$$00000000  c_w.l(rtexit.o)
    0x080001d8   0x00000000   Code   RO         3774    .ARM.Collect$$rtexit$$00000002  c_w.l(rtexit2.o)
    0x080001d8   0x00000004   Code   RO         3775    .ARM.Collect$$rtexit$$00000003  c_w.l(rtexit2.o)
    0x080001dc   0x00000006   Code   RO         3776    .ARM.Collect$$rtexit$$00000004  c_w.l(rtexit2.o)
    0x080001e2   0x00000002   PAD
    0x080001e4   0x0000000c   Code   RO         2026    .emb_text           main.o
    0x080001f0   0x00000010   Code   RO         2868    .emb_text           rcc.o
    0x08000200   0x00000000   Code   RO         3677    .emb_text           c_w.l(maybetermalloc1.o)
    0x08000200   0x00000040   Code   RO         1780    .text               startup_stm32f10x_md.o
    0x08000240   0x00000028   Code   RO         3132    .text               c_w.l(calloc.o)
    0x08000268   0x00000028   Code   RO         3136    .text               c_w.l(noretval__2sprintf.o)
    0x08000290   0x0000004e   Code   RO         3140    .text               c_w.l(_printf_pad.o)
    0x080002de   0x00000052   Code   RO         3142    .text               c_w.l(_printf_str.o)
    0x08000330   0x00000078   Code   RO         3144    .text               c_w.l(_printf_dec.o)
    0x080003a8   0x00000028   Code   RO         3146    .text               c_w.l(_printf_charcount.o)
    0x080003d0   0x00000054   Code   RO         3157    .text               c_w.l(_printf_hex_ptr.o)
    0x08000424   0x00000188   Code   RO         3186    .text               c_w.l(__printf_flags_ss_wp.o)
    0x080005ac   0x0000003c   Code   RO         3198    .text               c_w.l(__0sscanf.o)
    0x080005e8   0x000000e0   Code   RO         3200    .text               c_w.l(_scanf_str.o)
    0x080006c8   0x00000050   Code   RO         3202    .text               c_w.l(bsearchnoex.o)
    0x08000718   0x00000032   Code   RO         3204    .text               c_w.l(strncasecmp.o)
    0x0800074a   0x0000002a   Code   RO         3206    .text               c_w.l(strcasecmp.o)
    0x08000774   0x0000003e   Code   RO         3208    .text               c_w.l(strlen.o)
    0x080007b2   0x0000008a   Code   RO         3210    .text               c_w.l(rt_memcpy_v6.o)
    0x0800083c   0x00000044   Code   RO         3212    .text               c_w.l(rt_memclr.o)
    0x08000880   0x0000004e   Code   RO         3214    .text               c_w.l(rt_memclr_w.o)
    0x080008ce   0x00000006   Code   RO         3216    .text               c_w.l(heapauxi.o)
    0x080008d4   0x00000024   Code   RO         3223    .text               c_w.l(init_aeabi.o)
    0x080008f8   0x0000005e   Code   RO         3370    .text               c_w.l(h1_alloc.o)
    0x08000956   0x0000001a   Code   RO         3424    .text               c_w.l(tolower.o)
    0x08000970   0x000000b2   Code   RO         3426    .text               c_w.l(_printf_intcommon.o)
    0x08000a22   0x0000041a   Code   RO         3428    .text               c_w.l(_printf_fp_dec.o)
    0x08000e3c   0x000002fc   Code   RO         3430    .text               c_w.l(_printf_fp_hex.o)
    0x08001138   0x00000030   Code   RO         3433    .text               c_w.l(_printf_char_common.o)
    0x08001168   0x0000000a   Code   RO         3435    .text               c_w.l(_sputc.o)
    0x08001172   0x0000002c   Code   RO         3437    .text               c_w.l(_printf_char.o)
    0x0800119e   0x00000002   PAD
    0x080011a0   0x000004a4   Code   RO         3440    .text               c_w.l(scanf_fp.o)
    0x08001644   0x0000002c   Code   RO         3442    .text               c_w.l(scanf_char.o)
    0x08001670   0x00000040   Code   RO         3444    .text               c_w.l(_sgetc.o)
    0x080016b0   0x0000000e   Code   RO         3446    .text               c_w.l(defsig_pvfn_outer.o)
    0x080016be   0x00000064   Code   RO         3450    .text               c_w.l(rt_memcpy_w.o)
    0x08001722   0x00000002   PAD
    0x08001724   0x00000010   Code   RO         3536    .text               c_w.l(rt_ctype_table.o)
    0x08001734   0x00000008   Code   RO         3543    .text               c_w.l(rt_heap_descriptor_intlibspace.o)
    0x0800173c   0x00000008   Code   RO         3548    .text               c_w.l(rt_locale_intlibspace.o)
    0x08001744   0x00000008   Code   RO         3553    .text               c_w.l(rt_errno_addr_intlibspace.o)
    0x0800174c   0x00000004   Code   RO         3555    .text               c_w.l(hguard.o)
    0x08001750   0x0000008a   Code   RO         3557    .text               c_w.l(init_alloc.o)
    0x080017da   0x0000000e   Code   RO         3563    .text               c_w.l(h1_init.o)
    0x080017e8   0x0000004e   Code   RO         3565    .text               c_w.l(h1_free.o)
    0x08001836   0x0000008a   Code   RO         3581    .text               c_w.l(lludiv10.o)
    0x080018c0   0x00000012   Code   RO         3583    .text               c_w.l(isspace.o)
    0x080018d2   0x00000002   PAD
    0x080018d4   0x00000080   Code   RO         3585    .text               c_w.l(_printf_fp_infnan.o)
    0x08001954   0x00000374   Code   RO         3589    .text               c_w.l(_scanf.o)
    0x08001cc8   0x000000dc   Code   RO         3591    .text               c_w.l(bigflt0.o)
    0x08001da4   0x0000000a   Code   RO         3619    .text               c_w.l(defsig_exit.o)
    0x08001dae   0x00000002   PAD
    0x08001db0   0x00000030   Code   RO         3621    .text               c_w.l(defsig_pvfn_inner.o)
    0x08001de0   0x0000000c   Code   RO         3663    .text               c_w.l(sys_exit.o)
    0x08001dec   0x00000008   Code   RO         3665    .text               c_w.l(libspace.o)
    0x08001df4   0x0000004a   Code   RO         3668    .text               c_w.l(sys_stackheap_outer.o)
    0x08001e3e   0x00000034   Code   RO         3679    .text               c_w.l(h1_extend.o)
    0x08001e72   0x00000016   Code   RO         3683    .text               c_w.l(_rserrno.o)
    0x08001e88   0x00000318   Code   RO         3685    .text               c_w.l(scanf_hexfp.o)
    0x080021a0   0x00000134   Code   RO         3687    .text               c_w.l(scanf_infnan.o)
    0x080022d4   0x0000000c   Code   RO         3692    .text               c_w.l(exit.o)
    0x080022e0   0x00000032   Code   RO         3698    .text               c_w.l(defsig_general.o)
    0x08002312   0x0000000e   Code   RO         3700    .text               c_w.l(defsig_rtmem_outer.o)
    0x08002320   0x00000080   Code   RO         3704    .text               c_w.l(strcmpv7m.o)
    0x080023a0   0x0000000e   Code   RO         3732    .text               c_w.l(sys_wrch.o)
    0x080023ae   0x00000002   Code   RO         3734    .text               c_w.l(use_no_semi.o)
    0x080023b0   0x00000000   Code   RO         3736    .text               c_w.l(indicate_semi.o)
    0x080023b0   0x00000026   Code   RO         3741    .text               c_w.l(llshl.o)
    0x080023d6   0x0000001c   Code   RO         3743    .text               c_w.l(_chval.o)
    0x080023f2   0x00000002   PAD
    0x080023f4   0x00000050   Code   RO         3749    .text               c_w.l(defsig_rtmem_inner.o)
    0x08002444   0x0000003e   Code   RO         3594    CL$$btod_d2e        c_w.l(btod.o)
    0x08002482   0x00000046   Code   RO         3596    CL$$btod_d2e_denorm_low  c_w.l(btod.o)
    0x080024c8   0x00000060   Code   RO         3595    CL$$btod_d2e_norm_op1  c_w.l(btod.o)
    0x08002528   0x00000338   Code   RO         3604    CL$$btod_div_common  c_w.l(btod.o)
    0x08002860   0x00000054   Code   RO         3602    CL$$btod_e2d        c_w.l(btod.o)
    0x080028b4   0x000000c6   Code   RO         3601    CL$$btod_e2e        c_w.l(btod.o)
    0x0800297a   0x00000028   Code   RO         3598    CL$$btod_ediv       c_w.l(btod.o)
    0x080029a2   0x00000028   Code   RO         3600    CL$$btod_edivd      c_w.l(btod.o)
    0x080029ca   0x00000028   Code   RO         3597    CL$$btod_emul       c_w.l(btod.o)
    0x080029f2   0x00000028   Code   RO         3599    CL$$btod_emuld      c_w.l(btod.o)
    0x08002a1a   0x00000244   Code   RO         3603    CL$$btod_mult_common  c_w.l(btod.o)
    0x08002c5e   0x00000002   PAD
    0x08002c60   0x0000002c   Code   RO         2346    i.DMA1_Channel2_IRQHandler  serial.o
    0x08002c8c   0x0000002c   Code   RO         2347    i.DMA1_Channel4_IRQHandler  serial.o
    0x08002cb8   0x0000002c   Code   RO         2348    i.DMA1_Channel7_IRQHandler  serial.o
    0x08002ce4   0x0000001c   Code   RO          279    i.DMA_ClearITPendingBit  stm32f10x_dma.o
    0x08002d00   0x00000018   Code   RO          280    i.DMA_Cmd           stm32f10x_dma.o
    0x08002d18   0x0000014c   Code   RO          281    i.DMA_DeInit        stm32f10x_dma.o
    0x08002e64   0x00000012   Code   RO          285    i.DMA_ITConfig      stm32f10x_dma.o
    0x08002e76   0x0000003c   Code   RO          286    i.DMA_Init          stm32f10x_dma.o
    0x08002eb2   0x00000002   PAD
    0x08002eb4   0x0000000c   Code   RO          410    i.FLASH_ClearFlag   stm32f10x_flash.o
    0x08002ec0   0x0000004c   Code   RO          415    i.FLASH_ErasePage   stm32f10x_flash.o
    0x08002f0c   0x00000034   Code   RO          416    i.FLASH_GetBank1Status  stm32f10x_flash.o
    0x08002f40   0x00000014   Code   RO          425    i.FLASH_Lock        stm32f10x_flash.o
    0x08002f54   0x0000006c   Code   RO          430    i.FLASH_ProgramWord  stm32f10x_flash.o
    0x08002fc0   0x00000018   Code   RO          433    i.FLASH_Unlock      stm32f10x_flash.o
    0x08002fd8   0x00000026   Code   RO          437    i.FLASH_WaitForLastOperation  stm32f10x_flash.o
    0x08002ffe   0x00000116   Code   RO          593    i.GPIO_Init         stm32f10x_gpio.o
    0x08003114   0x00000090   Code   RO          595    i.GPIO_PinRemapConfig  stm32f10x_gpio.o
    0x080031a4   0x00000070   Code   RO         2180    i.NVIC_Init         misc.o
    0x08003214   0x00000020   Code   RO          810    i.RCC_AHBPeriphClockCmd  stm32f10x_rcc.o
    0x08003234   0x00000020   Code   RO          811    i.RCC_APB1PeriphClockCmd  stm32f10x_rcc.o
    0x08003254   0x00000020   Code   RO          813    i.RCC_APB2PeriphClockCmd  stm32f10x_rcc.o
    0x08003274   0x00000014   Code   RO          817    i.RCC_ClearFlag     stm32f10x_rcc.o
    0x08003288   0x000000d4   Code   RO          821    i.RCC_GetClocksFreq  stm32f10x_rcc.o
    0x0800335c   0x0000003c   Code   RO          822    i.RCC_GetFlagStatus  stm32f10x_rcc.o
    0x08003398   0x0000000c   Code   RO          827    i.RCC_HSICmd        stm32f10x_rcc.o
    0x080033a4   0x00000008   Code   RO         1743    i.SetSysClock       system_stm32f10x.o
    0x080033ac   0x000000e0   Code   RO         1744    i.SetSysClockTo72   system_stm32f10x.o
    0x0800348c   0x0000008c   Code   RO         2216    i.SysTick_Handler   run.o
    0x08003518   0x00000060   Code   RO         1746    i.SystemInit        system_stm32f10x.o
    0x08003578   0x00000018   Code   RO         1564    i.USART_Cmd         stm32f10x_usart.o
    0x08003590   0x00000012   Code   RO         1565    i.USART_DMACmd      stm32f10x_usart.o
    0x080035a2   0x00000002   PAD
    0x080035a4   0x000000d8   Code   RO         1571    i.USART_Init        stm32f10x_usart.o
    0x0800367c   0x0000004a   Code   RO         2696    i._Z13wofl_dbg_sendPhiR11SBGC_Parser  simplewofl.o
    0x080036c6   0x00000002   PAD
    0x080036c8   0x00000160   Code   RO         2697    i._Z14wofl_parse_bgcR11WOFLCommand  simplewofl.o
    0x08003828   0x00000028   Code   RO         2218    i._Z16NVIC_SetPriority4IRQnj  run.o
    0x08003850   0x0000006a   Code   RO         2910    i._Z20SBGC_get_angles_packR17SBGC_get_angles_tR13SerialCommand  sbgc_cmd_helpers.o
    0x080038ba   0x00000024   Code   RO         2911    i._Z20SBGC_run_script_packR17SBGC_run_script_tR13SerialCommand  sbgc_cmd_helpers.o
    0x080038de   0x00000072   Code   RO         3062    i._Z20WOFL_get_angles_packR17WOFL_get_angles_tR11WOFLCommand  wofl_helper.o
    0x08003950   0x00000056   Code   RO         2912    i._Z21SBGC_cmd_control_packR18SBGC_cmd_control_tR13SerialCommand  sbgc_cmd_helpers.o
    0x080039a6   0x00000040   Code   RO         3063    i._Z22WOFL_version_info_packR19WOFL_version_info_tR11WOFLCommand  wofl_helper.o
    0x080039e6   0x0000002c   Code   RO         3064    i._Z23WOFL_unsupport_cmd_packR20WOFL_unsupport_cmd_tR11WOFLCommand  wofl_helper.o
    0x08003a12   0x00000130   Code   RO         2918    i._Z29SBGC_cmd_realtime_data_unpackR24SBGC_cmd_realtime_data_tR13SerialCommand  sbgc_cmd_helpers.o
    0x08003b42   0x00000026   Code   RO         2919    i._Z33SBGC_cmd_api_virt_ch_control_packR30SBGC_cmd_api_virt_ch_control_tR13SerialCommand  sbgc_cmd_helpers.o
    0x08003b68   0x00000008   Code   RO         2787    i._ZN10WOFLComObj16getOutEmptySpaceEv  simplewofl.o
    0x08003b70   0x0000000e   Code   RO         2769    i._ZN10WOFLComObj17getBytesAvailableEv  simplewofl.o
    0x08003b7e   0x0000000e   Code   RO         2775    i._ZN10WOFLComObj8readByteEv  simplewofl.o
    0x08003b8c   0x00000014   Code   RO         2781    i._ZN10WOFLComObj9writeByteEh  simplewofl.o
    0x08003ba0   0x00000008   Code   RO         2537    i._ZN11SBGC_Parser12onParseErrorEh  simplebgc.o
    0x08003ba8   0x000000ba   Code   RO         2522    i._ZN11SBGC_Parser12process_charEh  simplebgc.o
    0x08003c62   0x0000009a   Code   RO         2508    i._ZN11SBGC_Parser12send_commandEhPvth  simplebgc.o
    0x08003cfc   0x0000001a   Code   RO         2740    i._ZN11SBGC_Parser8send_cmdER13SerialCommandh  simplewofl.o
    0x08003d16   0x00000008   Code   RO         2633    i._ZN11Stm32ComObj16getOutEmptySpaceEv  simplebgc.o
    0x08003d1e   0x0000000e   Code   RO         2615    i._ZN11Stm32ComObj17getBytesAvailableEv  simplebgc.o
    0x08003d2c   0x0000000e   Code   RO         2621    i._ZN11Stm32ComObj8readByteEv  simplebgc.o
    0x08003d3a   0x00000014   Code   RO         2627    i._ZN11Stm32ComObj9writeByteEh  simplebgc.o
    0x08003d4e   0x00000004   Code   RO         3100    i._ZN11WOFLCommand3cmdEh  wofl_helper.o
    0x08003d52   0x0000000e   Code   RO         3094    i._ZN11WOFLCommand4initEh  wofl_helper.o
    0x08003d60   0x00000018   Code   RO         2609    i._ZN11WOFLCommand9writeByteEh  simplebgc.o
    0x08003d78   0x00000010   Code   RO         2752    i._ZN11WOFLCommandC1Ev  simplewofl.o
    0x08003d88   0x00000008   Code   RO         2755    i._ZN11WOFL_Parser12onParseErrorEh  simplewofl.o
    0x08003d90   0x000000c0   Code   RO         2746    i._ZN11WOFL_Parser12process_charEh  simplewofl.o
    0x08003e50   0x00000090   Code   RO         2515    i._ZN11WOFL_Parser12send_commandEhhPvth  simplebgc.o
    0x08003ee0   0x0000001e   Code   RO         2734    i._ZN11WOFL_Parser8send_cmdER11WOFLCommandh  simplewofl.o
    0x08003efe   0x00000016   Code   RO         3024    i._ZN13SBGC_IOStream11readWordArrEPsh  sbgc_cmd_helpers.o
    0x08003f14   0x00000024   Code   RO         3004    i._ZN13SBGC_IOStream7readBufEPvh  sbgc_cmd_helpers.o
    0x08003f38   0x0000001e   Code   RO         3011    i._ZN13SBGC_IOStream8readWordEv  sbgc_cmd_helpers.o
    0x08003f56   0x0000001c   Code   RO         2997    i._ZN13SBGC_IOStream9skipBytesEh  sbgc_cmd_helpers.o
    0x08003f72   0x0000001e   Code   RO         2990    i._ZN13SBGC_IOStream9writeWordEs  sbgc_cmd_helpers.o
    0x08003f90   0x00000014   Code   RO         2567    i._ZN13SerialCommand10checkLimitEv  simplebgc.o
    0x08003fa4   0x00000008   Code   RO         2528    i._ZN13SerialCommand15update_checksumERhh  simplebgc.o
    0x08003fac   0x0000000c   Code   RO         3018    i._ZN13SerialCommand4initEh  sbgc_cmd_helpers.o
    0x08003fb8   0x00000022   Code   RO         2579    i._ZN13SerialCommand8readByteEv  simplebgc.o
    0x08003fda   0x00000018   Code   RO         2585    i._ZN13SerialCommand9writeByteEh  simplebgc.o
    0x08003ff2   0x00000002   PAD
    0x08003ff4   0x00000010   Code   RO         2534    i._ZN13SerialCommandC1Ev  simplebgc.o
    0x08004004   0x0000001e   Code   RO         3087    i._ZN13WOFL_IOStream9writeWordEs  wofl_helper.o
    0x08004022   0x00000028   Code   RO         3653    i.__ARM_fpclassify  m_ws.l(fpclassify.o)
    0x0800404a   0x00000006   Code   RO         3226    i.__cxa_pure_virtual  cpprt_w.l(pure_virt.o)
    0x08004050   0x0000000e   Code   RO         3819    i.__mathlib_dbl_overflow  m_ws.l(dunder.o)
    0x0800405e   0x00000002   PAD
    0x08004060   0x00000010   Code   RO         3821    i.__mathlib_dbl_underflow  m_ws.l(dunder.o)
    0x08004070   0x00000010   Code   RO         3655    i.__mathlib_narrow  m_ws.l(narrow.o)
    0x08004080   0x00000088   Code   RO         3656    i.__mathlib_tofloat  m_ws.l(narrow.o)
    0x08004108   0x0000002c   Code   RO         2475    i.__sti___13_simplebgc_cpp_f4dee1e8  simplebgc.o
    0x08004134   0x0000002c   Code   RO         2698    i.__sti___14_simplewofl_cpp_7fa21f35  simplewofl.o
    0x08004160   0x00000016   Code   RO         3762    i.__support_ldexp   m_ws.l(ldexp.o)
    0x08004176   0x0000000e   Code   RO         3179    i._is_digit         c_w.l(__printf_wp.o)
    0x08004184   0x0000000a   Code   RO         1785    i.cliCheck          cli.o
    0x0800418e   0x00000022   Code   RO         1786    i.cliCommandComp    cli.o
    0x080041b0   0x0000002c   Code   RO         1787    i.cliCommandGet     cli.o
    0x080041dc   0x00000038   Code   RO         1788    i.cliFuncBoot       cli.o
    0x08004214   0x000000f8   Code   RO         1789    i.cliFuncConfig     cli.o
    0x0800430c   0x00000064   Code   RO         1790    i.cliFuncHelp       cli.o
    0x08004370   0x000000c4   Code   RO         1791    i.cliFuncSet        cli.o
    0x08004434   0x00000012   Code   RO         1792    i.cliFuncVer        cli.o
    0x08004446   0x0000000a   Code   RO         1793    i.cliInit           cli.o
    0x08004450   0x00000068   Code   RO         1794    i.cliPrintParam     cli.o
    0x080044b8   0x00000030   Code   RO         1795    i.cliUsage          cli.o
    0x080044e8   0x00000220   Code   RO         1796    i.cliXCheck         cli.o
    0x08004708   0x00000034   Code   RO         1797    i.cliXFuncVer       cli.o
    0x0800473c   0x00000078   Code   RO         1798    i.cliXInit          cli.o
    0x080047b4   0x00000034   Code   RO         1799    i.cliXPrompt        cli.o
    0x080047e8   0x00000038   Code   RO         1922    i.configGetId       config.o
    0x08004820   0x0000004c   Code   RO         1923    i.configInit        config.o
    0x0800486c   0x00000020   Code   RO         1924    i.configLoadDefault  config.o
    0x0800488c   0x00000018   Code   RO         1925    i.configReadFlash   config.o
    0x080048a4   0x00000008   Code   RO         1926    i.configRecalcConst  config.o
    0x080048ac   0x00000024   Code   RO         1928    i.configSetParamByID  config.o
    0x080048d0   0x00000090   Code   RO         1929    i.configWriteFlash  config.o
    0x08004960   0x00000036   Code   RO         1990    i.digitalInit       digital.o
    0x08004996   0x00000002   PAD
    0x08004998   0x00000058   Code   RO         3729    i.frexp             m_ws.l(frexp.o)
    0x080049f0   0x00000006   Code   RO         2011    i.getBuildNumber    getbuildnum.o
    0x080049f6   0x00000074   Code   RO         3763    i.ldexp             m_ws.l(ldexp.o)
    0x08004a6a   0x00000002   PAD
    0x08004a6c   0x000000a8   Code   RO         2032    i.main              main.o
    0x08004b14   0x00000048   Code   RO         2869    i.rccBootLoader     rcc.o
    0x08004b5c   0x000000e4   Code   RO         2870    i.rccInit           rcc.o
    0x08004c40   0x00000014   Code   RO         2871    i.rccReadBkpDr      rcc.o
    0x08004c54   0x0000001c   Code   RO         2872    i.rccReset          rcc.o
    0x08004c70   0x00000030   Code   RO         2873    i.rccWriteBkpDr     rcc.o
    0x08004ca0   0x00000002   Code   RO         2219    i.runFeedIWDG       run.o
    0x08004ca2   0x00000006   Code   RO         2220    i.runIWDGInit       run.o
    0x08004ca8   0x00000050   Code   RO         2221    i.runInit           run.o
    0x08004cf8   0x000000e8   Code   RO         2350    i.serialDmaInit     serial.o
    0x08004de0   0x0000003c   Code   RO         2351    i.serialInit        serial.o
    0x08004e1c   0x00000038   Code   RO         2352    i.serialNvicInit    serial.o
    0x08004e54   0x00000054   Code   RO         2353    i.serialPinInit     serial.o
    0x08004ea8   0x00000040   Code   RO         2354    i.serialPortOpen    serial.o
    0x08004ee8   0x00000014   Code   RO         2355    i.serialPrint       serial.o
    0x08004efc   0x00000068   Code   RO         2357    i.serialSetConstants  serial.o
    0x08004f64   0x00000104   Code   RO         2359    i.serialStructInit  serial.o
    0x08005068   0x00000014   Code   RO         2360    i.serialWrite       serial.o
    0x0800507c   0x0000002c   Code   RO         2361    i.serialXAvailable  serial.o
    0x080050a8   0x0000001a   Code   RO         2362    i.serialXPrint      serial.o
    0x080050c2   0x00000002   PAD
    0x080050c4   0x00000044   Code   RO         2363    i.serialXRead       serial.o
    0x08005108   0x00000080   Code   RO         2364    i.serialXStartTxDMA  serial.o
    0x08005188   0x00000048   Code   RO         2365    i.serialXWrite      serial.o
    0x080051d0   0x00000028   Code   RO         2476    i.simplebgc_init    simplebgc.o
    0x080051f8   0x00000140   Code   RO         2478    i.simplebgc_process_inqueue  simplebgc.o
    0x08005338   0x00000028   Code   RO         2699    i.simplewofl_init   simplewofl.o
    0x08005360   0x00000054   Code   RO         2700    i.simplewofl_process_inqueue  simplewofl.o
    0x080053b4   0x0000002c   Code   RO         3617    locale$$code        c_w.l(lc_numeric_c.o)
    0x080053e0   0x0000002c   Code   RO         3690    locale$$code        c_w.l(lc_ctype_c.o)
    0x0800540c   0x00000062   Code   RO         3722    x$fpl$d2f           fz_ws.l(d2f.o)
    0x0800546e   0x00000002   PAD
    0x08005470   0x00000010   Code   RO         3813    x$fpl$dcheck1       fz_ws.l(dcheck1.o)
    0x08005480   0x00000018   Code   RO         3753    x$fpl$dcmpinf       fz_ws.l(dcmpi.o)
    0x08005498   0x00000078   Code   RO         3724    x$fpl$deqf          fz_ws.l(deqf.o)
    0x08005510   0x00000078   Code   RO         3755    x$fpl$dleqf         fz_ws.l(dleqf.o)
    0x08005588   0x0000009c   Code   RO         3757    x$fpl$dnaninf       fz_ws.l(dnaninf.o)
    0x08005624   0x0000000c   Code   RO         3510    x$fpl$dretinf       fz_ws.l(dretinf.o)
    0x08005630   0x0000006c   Code   RO         3726    x$fpl$drleqf        fz_ws.l(drleqf.o)
    0x0800569c   0x00000056   Code   RO         3335    x$fpl$f2d           fz_ws.l(f2d.o)
    0x080056f2   0x00000018   Code   RO         3512    x$fpl$fcmpinf       fz_ws.l(fcmpi.o)
    0x0800570a   0x00000002   PAD
    0x0800570c   0x00000184   Code   RO         3338    x$fpl$fdiv          fz_ws.l(fdiv.o)
    0x08005890   0x00000036   Code   RO         3341    x$fpl$ffix          fz_ws.l(ffix.o)
    0x080058c6   0x00000002   PAD
    0x080058c8   0x00000030   Code   RO         3346    x$fpl$fflt          fz_ws.l(fflt_clz.o)
    0x080058f8   0x00000026   Code   RO         3345    x$fpl$ffltu         fz_ws.l(fflt_clz.o)
    0x0800591e   0x00000002   PAD
    0x08005920   0x00000068   Code   RO         3351    x$fpl$fleqf         fz_ws.l(fleqf.o)
    0x08005988   0x00000102   Code   RO         3353    x$fpl$fmul          fz_ws.l(fmul.o)
    0x08005a8a   0x0000008c   Code   RO         3514    x$fpl$fnaninf       fz_ws.l(fnaninf.o)
    0x08005b16   0x0000000a   Code   RO         3516    x$fpl$fretinf       fz_ws.l(fretinf.o)
    0x08005b20   0x00000062   Code   RO         3355    x$fpl$frleqf        fz_ws.l(frleqf.o)
    0x08005b82   0x00000004   Code   RO         3357    x$fpl$printf1       fz_ws.l(printf1.o)
    0x08005b86   0x00000004   Code   RO         3359    x$fpl$printf2       fz_ws.l(printf2.o)
    0x08005b8a   0x00000064   Code   RO         3845    x$fpl$retnan        fz_ws.l(retnan.o)
    0x08005bee   0x0000005c   Code   RO         3759    x$fpl$scalbn        fz_ws.l(scalbn.o)
    0x08005c4a   0x00000004   Code   RO         3365    x$fpl$scanf1        fz_ws.l(scanf1.o)
    0x08005c4e   0x00000008   Code   RO         3647    x$fpl$scanf2        fz_ws.l(scanf2.o)
    0x08005c56   0x00000030   Code   RO         3847    x$fpl$trapveneer    fz_ws.l(trapv.o)
    0x08005c86   0x00000000   Code   RO         3518    x$fpl$usenofp       fz_ws.l(usenofp.o)
    0x08005c86   0x00000002   PAD
    0x08005c88   0x0000004d   Data   RO         1801    .constdata          cli.o
    0x08005cd5   0x00000028   Data   RO         3158    .constdata          c_w.l(_printf_hex_ptr.o)
    0x08005cfd   0x00000011   Data   RO         3187    .constdata          c_w.l(__printf_flags_ss_wp.o)
    0x08005d0e   0x00000026   Data   RO         3431    .constdata          c_w.l(_printf_fp_hex.o)
    0x08005d34   0x00000094   Data   RO         3592    .constdata          c_w.l(bigflt0.o)
    0x08005dc8   0x00000018   Data   RO         2764    .constdata__ZTV10WOFLComObj  simplewofl.o
    0x08005de0   0x00000018   Data   RO         2548    .constdata__ZTV11SBGC_ComObj  simplebgc.o
    0x08005df8   0x00000018   Data   RO         2554    .constdata__ZTV11Stm32ComObj  simplebgc.o
    0x08005e10   0x00000018   Data   RO         2552    .constdata__ZTV11WOFLCommand  simplebgc.o
    0x08005e28   0x00000018   Data   RO         2762    .constdata__ZTV11WOFL_ComObj  simplewofl.o
    0x08005e40   0x00000014   Data   RO         2544    .constdata__ZTV13SBGC_IOStream  simplebgc.o
    0x08005e54   0x00000018   Data   RO         2546    .constdata__ZTV13SerialCommand  simplebgc.o
    0x08005e6c   0x00000014   Data   RO         2550    .constdata__ZTV13WOFL_IOStream  simplebgc.o
    0x08005e80   0x00000065   Data   RO         1802    .conststring        cli.o
    0x08005ee5   0x00000003   PAD
    0x08005ee8   0x00000046   Data   RO         1931    .conststring        config.o
    0x08005f2e   0x00000002   PAD
    0x08005f30   0x00000020   Data   RO         3849    Region$$Table       anon$$obj.o
    0x08005f50   0x00000008   Data   RO         3640    c$$dinf             fz_ws.l(fpconst.o)
    0x08005f58   0x0000001c   Data   RO         3616    locale$$data        c_w.l(lc_numeric_c.o)
    0x08005f74   0x00000110   Data   RO         3689    locale$$data        c_w.l(lc_ctype_c.o)
    0x08006084   0x00000004   Data   RO         2486    .init_array         simplebgc.o
    0x08006088   0x00000004   Data   RO         2709    .init_array         simplewofl.o
    0x0800608c   0x00000000   Data   RO         3221    .init_array         c_w.l(init_aeabi.o)


    Execution Region RW_IRAM1 (Base: 0x20000000, Size: 0x00003dd8, Max: 0x00005000, ABSOLUTE)

    Base Addr    Size         Type   Attr      Idx    E Section Name        Object

    0x20000000   0x00000014   Data   RW          841    .data               stm32f10x_rcc.o
    0x20000014   0x00000014   Data   RW         1747    .data               system_stm32f10x.o
    0x20000028   0x00000004   Data   RW         1803    .data               cli.o
    0x2000002c   0x00000018   Data   RW         1932    .data               config.o
    0x20000044   0x00000011   Data   RW         2040    .data               main.o
    0x20000055   0x00000003   PAD
    0x20000058   0x0000000c   Data   RW         2228    .data               run.o
    0x20000064   0x00000004   Data   RW         2367    .data               serial.o
    0x20000068   0x0000000c   Data   RW         2485    .data               simplebgc.o
    0x20000074   0x0000000c   Data   RW         2708    .data               simplewofl.o
    0x20000080   0x000000bc   Zero   RW         1800    .bss                cli.o
    0x2000013c   0x0000000c   Zero   RW         1930    .bss                config.o
    0x20000148   0x00003390   Zero   RW         2366    .bss                serial.o
    0x200034d8   0x0000018e   Zero   RW         2484    .bss                simplebgc.o
    0x20003666   0x00000002   PAD
    0x20003668   0x00000110   Zero   RW         2707    .bss                simplewofl.o
    0x20003778   0x00000060   Zero   RW         3666    .bss                c_w.l(libspace.o)
    0x200037d8   0x00000200   Zero   RW         1778    HEAP                startup_stm32f10x_md.o
    0x200039d8   0x00000400   Zero   RW         1777    STACK               startup_stm32f10x_md.o


==============================================================================

Image component sizes


      Code (inc. data)   RO Data    RW Data    ZI Data      Debug   Object Name

      1636        506        178          4        188      11369   cli.o
       376         42         70         24         12       8587   config.o
        54          0          0          0          0       1026   digital.o
         6          0          0          0          0        441   getbuildnum.o
       180         28          0         17          0     209072   main.o
       112         12          0          0          0       1028   misc.o
       412         64          0          0          0       3021   rcc.o
       268         44          0         12          0     220454   run.o
       728          0          0          0          0      14736   sbgc_cmd_helpers.o
      1370        124          0          4      13200      10727   serial.o
      1078         90        140         12        398      25083   simplebgc.o
       922         70         52         12        272      26413   simplewofl.o
        64         26        236          0       1536        816   startup_stm32f10x_md.o
         0          0          0          0          0     223176   stm32f10x_adc.o
       462         18          0          0          0      14121   stm32f10x_dma.o
       330         38          0          0          0      11336   stm32f10x_flash.o
       422          6          0          0          0       2734   stm32f10x_gpio.o
       400         54          0         20          0       6303   stm32f10x_rcc.o
       258          6          0          0          0       9312   stm32f10x_usart.o
       328         28          0         20          0       2197   system_stm32f10x.o
       270          0          0          0          0      10448   wofl_helper.o

    ----------------------------------------------------------------------
      9688       1156        713        128      15608     812400   Object Totals
         0          0         32          0          0          0   (incl. Generated)
        12          0          5          3          2          0   (incl. Padding)

    ----------------------------------------------------------------------

      Code (inc. data)   RO Data    RW Data    ZI Data      Debug   Library Member Name

        60          8          0          0          0         84   __0sscanf.o
         8          0          0          0          0         68   __main.o
       392          4         17          0          0         92   __printf_flags_ss_wp.o
        14          0          0          0          0         68   __printf_wp.o
         0          0          0          0          0          0   __rtentry.o
        12          0          0          0          0          0   __rtentry2.o
         6          0          0          0          0          0   __rtentry4.o
        52          8          0          0          0          0   __scatter.o
        26          0          0          0          0          0   __scatter_copy.o
        28          0          0          0          0          0   __scatter_zi.o
        28          0          0          0          0         68   _chval.o
         6          0          0          0          0          0   _printf_a.o
        44          0          0          0          0        108   _printf_char.o
        48          6          0          0          0         96   _printf_char_common.o
        40          0          0          0          0         68   _printf_charcount.o
         6          0          0          0          0          0   _printf_d.o
       120         16          0          0          0         92   _printf_dec.o
         6          0          0          0          0          0   _printf_e.o
         6          0          0          0          0          0   _printf_f.o
      1050          0          0          0          0        216   _printf_fp_dec.o
       764         10         38          0          0        100   _printf_fp_hex.o
       128         16          0          0          0         84   _printf_fp_infnan.o
         6          0          0          0          0          0   _printf_g.o
        84          6         40          0          0         88   _printf_hex_ptr.o
       178          0          0          0          0         88   _printf_intcommon.o
         6          0          0          0          0          0   _printf_n.o
         6          0          0          0          0          0   _printf_p.o
        78          0          0          0          0        108   _printf_pad.o
         0          0          0          0          0          0   _printf_percent.o
         4          0          0          0          0          0   _printf_percent_end.o
         6          0          0          0          0          0   _printf_s.o
        82          0          0          0          0         80   _printf_str.o
        22          0          0          0          0        100   _rserrno.o
       884          6          0          0          0        100   _scanf.o
       224          0          0          0          0         96   _scanf_str.o
        64          0          0          0          0         84   _sgetc.o
        10          0          0          0          0         68   _sputc.o
       220          4        148          0          0         96   bigflt0.o
        80          0          0          0          0         88   bsearchnoex.o
      2074        132          0          0          0        940   btod.o
        40          0          0          0          0         80   calloc.o
        10          0          0          0          0         68   defsig_exit.o
        50          0          0          0          0         88   defsig_general.o
        48         34          0          0          0         76   defsig_pvfn_inner.o
        14          0          0          0          0         80   defsig_pvfn_outer.o
        80         58          0          0          0         76   defsig_rtmem_inner.o
        14          0          0          0          0         80   defsig_rtmem_outer.o
        12          0          0          0          0         72   exit.o
        94          0          0          0          0         80   h1_alloc.o
        52          0          0          0          0         68   h1_extend.o
        78          0          0          0          0         80   h1_free.o
        14          0          0          0          0         84   h1_init.o
         6          0          0          0          0        152   heapauxi.o
         4          0          0          0          0        136   hguard.o
         0          0          0          0          0          0   indicate_semi.o
        36         10          0          0          0         80   init_aeabi.o
       138          0          0          0          0        168   init_alloc.o
        18          0          0          0          0         76   isspace.o
        44         10        272          0          0         76   lc_ctype_c.o
        44         10         28          0          0         76   lc_numeric_c.o
         2          0          0          0          0          0   libinit.o
        42          0          0          0          0          0   libinit2.o
         2          0          0          0          0          0   libshutdown.o
         2          0          0          0          0          0   libshutdown2.o
         8          4          0          0         96         68   libspace.o
        38          0          0          0          0         68   llshl.o
       138          0          0          0          0         80   lludiv10.o
         0          0          0          0          0          0   maybetermalloc1.o
        40          6          0          0          0         84   noretval__2sprintf.o
        16          4          0          0          0         76   rt_ctype_table.o
         8          4          0          0          0         68   rt_errno_addr_intlibspace.o
         8          4          0          0          0         68   rt_heap_descriptor_intlibspace.o
         8          4          0          0          0         68   rt_locale_intlibspace.o
        68          0          0          0          0         68   rt_memclr.o
        78          0          0          0          0         80   rt_memclr_w.o
       138          0          0          0          0         68   rt_memcpy_v6.o
       100          0          0          0          0         80   rt_memcpy_w.o
         2          0          0          0          0          0   rtexit.o
        10          0          0          0          0          0   rtexit2.o
        44          8          0          0          0         84   scanf_char.o
      1188         12          0          0          0        148   scanf_fp.o
       792         14          0          0          0        100   scanf_hexfp.o
       308         16          0          0          0        100   scanf_infnan.o
        42          0          0          0          0         84   strcasecmp.o
       128          0          0          0          0         68   strcmpv7m.o
        62          0          0          0          0         76   strlen.o
        50          0          0          0          0         84   strncasecmp.o
        12          4          0          0          0         68   sys_exit.o
        74          0          0          0          0         80   sys_stackheap_outer.o
        14          0          0          0          0         76   sys_wrch.o
        26          0          0          0          0         76   tolower.o
         2          0          0          0          0         68   use_no_semi.o
         6          0          0          0          0         68   pure_virt.o
        98          4          0          0          0         92   d2f.o
        16          4          0          0          0         68   dcheck1.o
        24          0          0          0          0         68   dcmpi.o
       120          4          0          0          0         92   deqf.o
       120          4          0          0          0         92   dleqf.o
       156          4          0          0          0         92   dnaninf.o
        12          0          0          0          0         68   dretinf.o
       108          0          0          0          0         80   drleqf.o
        86          4          0          0          0         84   f2d.o
        24          0          0          0          0         68   fcmpi.o
       388         76          0          0          0         96   fdiv.o
        54          4          0          0          0         84   ffix.o
        86          0          0          0          0        136   fflt_clz.o
       104          4          0          0          0         84   fleqf.o
       258          4          0          0          0         84   fmul.o
       140          4          0          0          0         84   fnaninf.o
         0          0          8          0          0          0   fpconst.o
        10          0          0          0          0         68   fretinf.o
        98          0          0          0          0         68   frleqf.o
         4          0          0          0          0         68   printf1.o
         4          0          0          0          0         68   printf2.o
       100          0          0          0          0         68   retnan.o
        92          0          0          0          0         68   scalbn.o
         4          0          0          0          0         68   scanf1.o
         8          0          0          0          0         84   scanf2.o
        48          0          0          0          0         68   trapv.o
         0          0          0          0          0          0   usenofp.o
        30          6          0          0          0        136   dunder.o
        40          0          0          0          0         68   fpclassify.o
        88          8          0          0          0         76   frexp.o
       138          0          0          0          0        160   ldexp.o
       152          4          0          0          0        168   narrow.o

    ----------------------------------------------------------------------
     13764        552        551          0         96       9440   Library Totals
        30          0          0          0          0          0   (incl. Padding)

    ----------------------------------------------------------------------

      Code (inc. data)   RO Data    RW Data    ZI Data      Debug   Library Name

     11118        418        543          0         96       6764   c_w.l
         6          0          0          0          0         68   cpprt_w.l
      2162        116          8          0          0       2000   fz_ws.l
       448         18          0          0          0        608   m_ws.l

    ----------------------------------------------------------------------
     13764        552        551          0         96       9440   Library Totals

    ----------------------------------------------------------------------

==============================================================================


      Code (inc. data)   RO Data    RW Data    ZI Data      Debug   

     23452       1708       1264        128      15704     809564   Grand Totals
     23452       1708       1264        128      15704     809564   ELF Image Totals
     23452       1708       1264        128          0          0   ROM Totals

==============================================================================

    Total RO  Size (Code + RO Data)                24716 (  24.14kB)
    Total RW  Size (RW Data + ZI Data)             15832 (  15.46kB)
    Total ROM Size (Code + RO Data + RW Data)      24844 (  24.26kB)

==============================================================================

